[1.454s] Invoking command in '/home/adithi/Desktop/Astra_tasks/fusion2urdf-ros2-jazzy/Assem1_backup_11_description': DEBUGINFOD_URLS=https://debuginfod.ubuntu.com PYTHONPATH=/home/adithi/Desktop/Astra_tasks/fusion2urdf-ros2-jazzy/Assem1_backup_11_description/build/Assem1_backup_11_description/prefix_override:/usr/lib/python3/dist-packages/colcon_core/task/python/colcon_distutils_commands:/home/adithi/Desktop/Astra_tasks/fusion2urdf-ros2-jazzy/Assem1_backup_11_description/install/Assem1_backup_11_description/lib/python3.12/site-packages:${PYTHONPATH} /usr/bin/python3 -W ignore:setup.py install is deprecated -W ignore:easy_install command is deprecated setup.py egg_info --egg-base build/Assem1_backup_11_description build --build-base /home/adithi/Desktop/Astra_tasks/fusion2urdf-ros2-jazzy/Assem1_backup_11_description/build/Assem1_backup_11_description/build install --record /home/adithi/Desktop/Astra_tasks/fusion2urdf-ros2-jazzy/Assem1_backup_11_description/build/Assem1_backup_11_description/install.log --install-scripts $base/lib/Assem1_backup_11_description --single-version-externally-managed install_data
[1.627s] /usr/lib/python3/dist-packages/setuptools/dist.py:744: SetuptoolsDeprecationWarning: Invalid dash-separated options
[1.627s] !!
[1.628s] 
[1.628s]         ********************************************************************************
[1.628s]         Usage of dash-separated 'script-dir' will not be supported in future
[1.628s]         versions. Please use the underscore name 'script_dir' instead.
[1.628s] 
[1.628s]         This deprecation is overdue, please update your project and remove deprecated
[1.628s]         calls to avoid build errors in the future.
[1.628s] 
[1.628s]         See https://setuptools.pypa.io/en/latest/userguide/declarative_config.html for details.
[1.628s]         ********************************************************************************
[1.628s] 
[1.628s] !!
[1.629s]   opt = self.warn_dash_deprecation(opt, section)
[1.784s] running egg_info
[1.785s] creating build/Assem1_backup_11_description/Assem1_backup_11_description.egg-info
[1.808s] writing build/Assem1_backup_11_description/Assem1_backup_11_description.egg-info/PKG-INFO
[1.808s] writing dependency_links to build/Assem1_backup_11_description/Assem1_backup_11_description.egg-info/dependency_links.txt
[1.809s] writing requirements to build/Assem1_backup_11_description/Assem1_backup_11_description.egg-info/requires.txt
[1.809s] writing top-level names to build/Assem1_backup_11_description/Assem1_backup_11_description.egg-info/top_level.txt
[1.809s] writing manifest file 'build/Assem1_backup_11_description/Assem1_backup_11_description.egg-info/SOURCES.txt'
[1.855s] reading manifest file 'build/Assem1_backup_11_description/Assem1_backup_11_description.egg-info/SOURCES.txt'
[1.856s] writing manifest file 'build/Assem1_backup_11_description/Assem1_backup_11_description.egg-info/SOURCES.txt'
[1.856s] running build
[1.856s] running build_py
[1.856s] creating /home/adithi/Desktop/Astra_tasks/fusion2urdf-ros2-jazzy/Assem1_backup_11_description/build/Assem1_backup_11_description/build
[1.856s] creating /home/adithi/Desktop/Astra_tasks/fusion2urdf-ros2-jazzy/Assem1_backup_11_description/build/Assem1_backup_11_description/build/lib
[1.856s] creating /home/adithi/Desktop/Astra_tasks/fusion2urdf-ros2-jazzy/Assem1_backup_11_description/build/Assem1_backup_11_description/build/lib/Assem1_backup_11_description
[1.857s] copying Assem1_backup_11_description/__init__.py -> /home/adithi/Desktop/Astra_tasks/fusion2urdf-ros2-jazzy/Assem1_backup_11_description/build/Assem1_backup_11_description/build/lib/Assem1_backup_11_description
[1.857s] running install
[1.865s] running install_lib
[1.887s] creating /home/adithi/Desktop/Astra_tasks/fusion2urdf-ros2-jazzy/Assem1_backup_11_description/install/Assem1_backup_11_description/lib/python3.12/site-packages/Assem1_backup_11_description
[1.888s] copying /home/adithi/Desktop/Astra_tasks/fusion2urdf-ros2-jazzy/Assem1_backup_11_description/build/Assem1_backup_11_description/build/lib/Assem1_backup_11_description/__init__.py -> /home/adithi/Desktop/Astra_tasks/fusion2urdf-ros2-jazzy/Assem1_backup_11_description/install/Assem1_backup_11_description/lib/python3.12/site-packages/Assem1_backup_11_description
[1.888s] byte-compiling /home/adithi/Desktop/Astra_tasks/fusion2urdf-ros2-jazzy/Assem1_backup_11_description/install/Assem1_backup_11_description/lib/python3.12/site-packages/Assem1_backup_11_description/__init__.py to __init__.cpython-312.pyc
[1.888s] running install_data
[1.889s] creating /home/adithi/Desktop/Astra_tasks/fusion2urdf-ros2-jazzy/Assem1_backup_11_description/install/Assem1_backup_11_description/share/ament_index
[1.889s] creating /home/adithi/Desktop/Astra_tasks/fusion2urdf-ros2-jazzy/Assem1_backup_11_description/install/Assem1_backup_11_description/share/ament_index/resource_index
[1.889s] creating /home/adithi/Desktop/Astra_tasks/fusion2urdf-ros2-jazzy/Assem1_backup_11_description/install/Assem1_backup_11_description/share/ament_index/resource_index/packages
[1.889s] copying resource/Assem1_backup_11_description -> /home/adithi/Desktop/Astra_tasks/fusion2urdf-ros2-jazzy/Assem1_backup_11_description/install/Assem1_backup_11_description/share/ament_index/resource_index/packages
[1.889s] copying package.xml -> /home/adithi/Desktop/Astra_tasks/fusion2urdf-ros2-jazzy/Assem1_backup_11_description/install/Assem1_backup_11_description/share/Assem1_backup_11_description
[1.889s] creating /home/adithi/Desktop/Astra_tasks/fusion2urdf-ros2-jazzy/Assem1_backup_11_description/install/Assem1_backup_11_description/share/Assem1_backup_11_description/launch
[1.889s] copying launch/display.launch.py -> /home/adithi/Desktop/Astra_tasks/fusion2urdf-ros2-jazzy/Assem1_backup_11_description/install/Assem1_backup_11_description/share/Assem1_backup_11_description/launch
[1.889s] copying launch/gazebo.launch.py -> /home/adithi/Desktop/Astra_tasks/fusion2urdf-ros2-jazzy/Assem1_backup_11_description/install/Assem1_backup_11_description/share/Assem1_backup_11_description/launch
[1.889s] creating /home/adithi/Desktop/Astra_tasks/fusion2urdf-ros2-jazzy/Assem1_backup_11_description/install/Assem1_backup_11_description/share/Assem1_backup_11_description/urdf
[1.889s] copying urdf/Assem1_backup_11.trans -> /home/adithi/Desktop/Astra_tasks/fusion2urdf-ros2-jazzy/Assem1_backup_11_description/install/Assem1_backup_11_description/share/Assem1_backup_11_description/urdf
[1.890s] copying urdf/materials.xacro -> /home/adithi/Desktop/Astra_tasks/fusion2urdf-ros2-jazzy/Assem1_backup_11_description/install/Assem1_backup_11_description/share/Assem1_backup_11_description/urdf
[1.890s] copying urdf/Assem1_backup_11.xacro -> /home/adithi/Desktop/Astra_tasks/fusion2urdf-ros2-jazzy/Assem1_backup_11_description/install/Assem1_backup_11_description/share/Assem1_backup_11_description/urdf
[1.890s] copying urdf/Assem1_backup_11.gazebo -> /home/adithi/Desktop/Astra_tasks/fusion2urdf-ros2-jazzy/Assem1_backup_11_description/install/Assem1_backup_11_description/share/Assem1_backup_11_description/urdf
[1.890s] copying urdf/Assem1_backup_11.ros2_control.xacro -> /home/adithi/Desktop/Astra_tasks/fusion2urdf-ros2-jazzy/Assem1_backup_11_description/install/Assem1_backup_11_description/share/Assem1_backup_11_description/urdf
[1.890s] creating /home/adithi/Desktop/Astra_tasks/fusion2urdf-ros2-jazzy/Assem1_backup_11_description/install/Assem1_backup_11_description/share/Assem1_backup_11_description/meshes
[1.891s] copying meshes/link1_1.stl -> /home/adithi/Desktop/Astra_tasks/fusion2urdf-ros2-jazzy/Assem1_backup_11_description/install/Assem1_backup_11_description/share/Assem1_backup_11_description/meshes
[1.891s] copying meshes/base_link.stl -> /home/adithi/Desktop/Astra_tasks/fusion2urdf-ros2-jazzy/Assem1_backup_11_description/install/Assem1_backup_11_description/share/Assem1_backup_11_description/meshes
[1.891s] copying meshes/link6_1.stl -> /home/adithi/Desktop/Astra_tasks/fusion2urdf-ros2-jazzy/Assem1_backup_11_description/install/Assem1_backup_11_description/share/Assem1_backup_11_description/meshes
[1.892s] copying meshes/link3_1.stl -> /home/adithi/Desktop/Astra_tasks/fusion2urdf-ros2-jazzy/Assem1_backup_11_description/install/Assem1_backup_11_description/share/Assem1_backup_11_description/meshes
[1.892s] copying meshes/link7_2.stl -> /home/adithi/Desktop/Astra_tasks/fusion2urdf-ros2-jazzy/Assem1_backup_11_description/install/Assem1_backup_11_description/share/Assem1_backup_11_description/meshes
[1.892s] copying meshes/link5_1.stl -> /home/adithi/Desktop/Astra_tasks/fusion2urdf-ros2-jazzy/Assem1_backup_11_description/install/Assem1_backup_11_description/share/Assem1_backup_11_description/meshes
[1.893s] copying meshes/link2_1.stl -> /home/adithi/Desktop/Astra_tasks/fusion2urdf-ros2-jazzy/Assem1_backup_11_description/install/Assem1_backup_11_description/share/Assem1_backup_11_description/meshes
[1.893s] copying meshes/link7_1.stl -> /home/adithi/Desktop/Astra_tasks/fusion2urdf-ros2-jazzy/Assem1_backup_11_description/install/Assem1_backup_11_description/share/Assem1_backup_11_description/meshes
[1.893s] copying meshes/link4_1.stl -> /home/adithi/Desktop/Astra_tasks/fusion2urdf-ros2-jazzy/Assem1_backup_11_description/install/Assem1_backup_11_description/share/Assem1_backup_11_description/meshes
[1.894s] creating /home/adithi/Desktop/Astra_tasks/fusion2urdf-ros2-jazzy/Assem1_backup_11_description/install/Assem1_backup_11_description/share/Assem1_backup_11_description/config
[1.894s] copying config/controllers.yaml -> /home/adithi/Desktop/Astra_tasks/fusion2urdf-ros2-jazzy/Assem1_backup_11_description/install/Assem1_backup_11_description/share/Assem1_backup_11_description/config
[1.894s] copying config/display.rviz -> /home/adithi/Desktop/Astra_tasks/fusion2urdf-ros2-jazzy/Assem1_backup_11_description/install/Assem1_backup_11_description/share/Assem1_backup_11_description/config
[1.894s] running install_egg_info
[1.922s] Copying build/Assem1_backup_11_description/Assem1_backup_11_description.egg-info to /home/adithi/Desktop/Astra_tasks/fusion2urdf-ros2-jazzy/Assem1_backup_11_description/install/Assem1_backup_11_description/lib/python3.12/site-packages/Assem1_backup_11_description-0.0.0-py3.12.egg-info
[1.923s] running install_scripts
[2.094s] writing list of installed files to '/home/adithi/Desktop/Astra_tasks/fusion2urdf-ros2-jazzy/Assem1_backup_11_description/build/Assem1_backup_11_description/install.log'
[2.144s] Invoked command in '/home/adithi/Desktop/Astra_tasks/fusion2urdf-ros2-jazzy/Assem1_backup_11_description' returned '0': DEBUGINFOD_URLS=https://debuginfod.ubuntu.com PYTHONPATH=/home/adithi/Desktop/Astra_tasks/fusion2urdf-ros2-jazzy/Assem1_backup_11_description/build/Assem1_backup_11_description/prefix_override:/usr/lib/python3/dist-packages/colcon_core/task/python/colcon_distutils_commands:/home/adithi/Desktop/Astra_tasks/fusion2urdf-ros2-jazzy/Assem1_backup_11_description/install/Assem1_backup_11_description/lib/python3.12/site-packages:${PYTHONPATH} /usr/bin/python3 -W ignore:setup.py install is deprecated -W ignore:easy_install command is deprecated setup.py egg_info --egg-base build/Assem1_backup_11_description build --build-base /home/adithi/Desktop/Astra_tasks/fusion2urdf-ros2-jazzy/Assem1_backup_11_description/build/Assem1_backup_11_description/build install --record /home/adithi/Desktop/Astra_tasks/fusion2urdf-ros2-jazzy/Assem1_backup_11_description/build/Assem1_backup_11_description/install.log --install-scripts $base/lib/Assem1_backup_11_description --single-version-externally-managed install_data
