/usr/lib/python3/dist-packages/setuptools/dist.py:744: SetuptoolsDeprecationWarning: Invalid dash-separated options
!!

        ********************************************************************************
        Usage of dash-separated 'script-dir' will not be supported in future
        versions. Please use the underscore name 'script_dir' instead.

        This deprecation is overdue, please update your project and remove deprecated
        calls to avoid build errors in the future.

        See https://setuptools.pypa.io/en/latest/userguide/declarative_config.html for details.
        ********************************************************************************

!!
  opt = self.warn_dash_deprecation(opt, section)
running egg_info
writing build/Assem1_backup_6_description/Assem1_backup_6_description.egg-info/PKG-INFO
writing dependency_links to build/Assem1_backup_6_description/Assem1_backup_6_description.egg-info/dependency_links.txt
writing requirements to build/Assem1_backup_6_description/Assem1_backup_6_description.egg-info/requires.txt
writing top-level names to build/Assem1_backup_6_description/Assem1_backup_6_description.egg-info/top_level.txt
reading manifest file 'build/Assem1_backup_6_description/Assem1_backup_6_description.egg-info/SOURCES.txt'
writing manifest file 'build/Assem1_backup_6_description/Assem1_backup_6_description.egg-info/SOURCES.txt'
running build
running build_py
running install
running install_lib
running install_data
copying urdf/Assem1_backup_6.gazebo -> /home/adithi/Desktop/Astra_tasks/fusion2urdf-ros2-jazzy/Assem1_backup_6_description/install/Assem1_backup_6_description/share/Assem1_backup_6_description/urdf
copying config/controllers.yaml -> /home/adithi/Desktop/Astra_tasks/fusion2urdf-ros2-jazzy/Assem1_backup_6_description/install/Assem1_backup_6_description/share/Assem1_backup_6_description/config
running install_egg_info
removing '/home/adithi/Desktop/Astra_tasks/fusion2urdf-ros2-jazzy/Assem1_backup_6_description/install/Assem1_backup_6_description/lib/python3.12/site-packages/Assem1_backup_6_description-0.0.0-py3.12.egg-info' (and everything under it)
Copying build/Assem1_backup_6_description/Assem1_backup_6_description.egg-info to /home/adithi/Desktop/Astra_tasks/fusion2urdf-ros2-jazzy/Assem1_backup_6_description/install/Assem1_backup_6_description/lib/python3.12/site-packages/Assem1_backup_6_description-0.0.0-py3.12.egg-info
running install_scripts
writing list of installed files to '/home/adithi/Desktop/Astra_tasks/fusion2urdf-ros2-jazzy/Assem1_backup_6_description/build/Assem1_backup_6_description/install.log'
