/home/adithi/Desktop/Astra_tasks/fusion2urdf-ros2-jazzy/Assem1_backup_6_description/install/Assem1_backup_6_description/lib/python3.12/site-packages/Assem1_backup_6_description/__init__.py
/home/adithi/Desktop/Astra_tasks/fusion2urdf-ros2-jazzy/Assem1_backup_6_description/install/Assem1_backup_6_description/lib/python3.12/site-packages/Assem1_backup_6_description/__pycache__/__init__.cpython-312.pyc
/home/adithi/Desktop/Astra_tasks/fusion2urdf-ros2-jazzy/Assem1_backup_6_description/install/Assem1_backup_6_description/share/ament_index/resource_index/packages/Assem1_backup_6_description
/home/adithi/Desktop/Astra_tasks/fusion2urdf-ros2-jazzy/Assem1_backup_6_description/install/Assem1_backup_6_description/share/Assem1_backup_6_description/package.xml
/home/adithi/Desktop/Astra_tasks/fusion2urdf-ros2-jazzy/Assem1_backup_6_description/install/Assem1_backup_6_description/share/Assem1_backup_6_description/launch/display.launch.py
/home/adithi/Desktop/Astra_tasks/fusion2urdf-ros2-jazzy/Assem1_backup_6_description/install/Assem1_backup_6_description/share/Assem1_backup_6_description/launch/gazebo.launch.py
/home/adithi/Desktop/Astra_tasks/fusion2urdf-ros2-jazzy/Assem1_backup_6_description/install/Assem1_backup_6_description/share/Assem1_backup_6_description/urdf/materials.xacro
/home/adithi/Desktop/Astra_tasks/fusion2urdf-ros2-jazzy/Assem1_backup_6_description/install/Assem1_backup_6_description/share/Assem1_backup_6_description/urdf/Assem1_backup_6.xacro
/home/adithi/Desktop/Astra_tasks/fusion2urdf-ros2-jazzy/Assem1_backup_6_description/install/Assem1_backup_6_description/share/Assem1_backup_6_description/urdf/Assem1_backup_6.gazebo
/home/adithi/Desktop/Astra_tasks/fusion2urdf-ros2-jazzy/Assem1_backup_6_description/install/Assem1_backup_6_description/share/Assem1_backup_6_description/urdf/Assem1_backup_6.ros2_control.xacro
/home/adithi/Desktop/Astra_tasks/fusion2urdf-ros2-jazzy/Assem1_backup_6_description/install/Assem1_backup_6_description/share/Assem1_backup_6_description/urdf/Assem1_backup_6.trans
/home/adithi/Desktop/Astra_tasks/fusion2urdf-ros2-jazzy/Assem1_backup_6_description/install/Assem1_backup_6_description/share/Assem1_backup_6_description/meshes/link1_1.stl
/home/adithi/Desktop/Astra_tasks/fusion2urdf-ros2-jazzy/Assem1_backup_6_description/install/Assem1_backup_6_description/share/Assem1_backup_6_description/meshes/base_link.stl
/home/adithi/Desktop/Astra_tasks/fusion2urdf-ros2-jazzy/Assem1_backup_6_description/install/Assem1_backup_6_description/share/Assem1_backup_6_description/meshes/link6_1.stl
/home/adithi/Desktop/Astra_tasks/fusion2urdf-ros2-jazzy/Assem1_backup_6_description/install/Assem1_backup_6_description/share/Assem1_backup_6_description/meshes/link3_1.stl
/home/adithi/Desktop/Astra_tasks/fusion2urdf-ros2-jazzy/Assem1_backup_6_description/install/Assem1_backup_6_description/share/Assem1_backup_6_description/meshes/link7_2.stl
/home/adithi/Desktop/Astra_tasks/fusion2urdf-ros2-jazzy/Assem1_backup_6_description/install/Assem1_backup_6_description/share/Assem1_backup_6_description/meshes/link5_1.stl
/home/adithi/Desktop/Astra_tasks/fusion2urdf-ros2-jazzy/Assem1_backup_6_description/install/Assem1_backup_6_description/share/Assem1_backup_6_description/meshes/link2_1.stl
/home/adithi/Desktop/Astra_tasks/fusion2urdf-ros2-jazzy/Assem1_backup_6_description/install/Assem1_backup_6_description/share/Assem1_backup_6_description/meshes/link7_1.stl
/home/adithi/Desktop/Astra_tasks/fusion2urdf-ros2-jazzy/Assem1_backup_6_description/install/Assem1_backup_6_description/share/Assem1_backup_6_description/meshes/link4_1.stl
/home/adithi/Desktop/Astra_tasks/fusion2urdf-ros2-jazzy/Assem1_backup_6_description/install/Assem1_backup_6_description/share/Assem1_backup_6_description/config/controllers.yaml
/home/adithi/Desktop/Astra_tasks/fusion2urdf-ros2-jazzy/Assem1_backup_6_description/install/Assem1_backup_6_description/share/Assem1_backup_6_description/config/display.rviz
/home/adithi/Desktop/Astra_tasks/fusion2urdf-ros2-jazzy/Assem1_backup_6_description/install/Assem1_backup_6_description/lib/python3.12/site-packages/Assem1_backup_6_description-0.0.0-py3.12.egg-info/SOURCES.txt
/home/adithi/Desktop/Astra_tasks/fusion2urdf-ros2-jazzy/Assem1_backup_6_description/install/Assem1_backup_6_description/lib/python3.12/site-packages/Assem1_backup_6_description-0.0.0-py3.12.egg-info/dependency_links.txt
/home/adithi/Desktop/Astra_tasks/fusion2urdf-ros2-jazzy/Assem1_backup_6_description/install/Assem1_backup_6_description/lib/python3.12/site-packages/Assem1_backup_6_description-0.0.0-py3.12.egg-info/top_level.txt
/home/adithi/Desktop/Astra_tasks/fusion2urdf-ros2-jazzy/Assem1_backup_6_description/install/Assem1_backup_6_description/lib/python3.12/site-packages/Assem1_backup_6_description-0.0.0-py3.12.egg-info/PKG-INFO
/home/adithi/Desktop/Astra_tasks/fusion2urdf-ros2-jazzy/Assem1_backup_6_description/install/Assem1_backup_6_description/lib/python3.12/site-packages/Assem1_backup_6_description-0.0.0-py3.12.egg-info/requires.txt
/home/adithi/Desktop/Astra_tasks/fusion2urdf-ros2-jazzy/Assem1_backup_6_description/install/Assem1_backup_6_description/lib/python3.12/site-packages/Assem1_backup_6_description-0.0.0-py3.12.egg-info/zip-safe
