[0.523s] Invoking command in '/home/adithi/Desktop/Astra_tasks/fusion2urdf-ros2-jazzy/Assem1_backup_8_description': DEBUGINFOD_URLS=https://debuginfod.ubuntu.com PYTHONPATH=/home/adithi/Desktop/Astra_tasks/fusion2urdf-ros2-jazzy/Assem1_backup_8_description/build/Assem1_backup_8_description/prefix_override:/usr/lib/python3/dist-packages/colcon_core/task/python/colcon_distutils_commands:/home/adithi/Desktop/Astra_tasks/fusion2urdf-ros2-jazzy/Assem1_backup_8_description/install/Assem1_backup_8_description/lib/python3.12/site-packages:${PYTHONPATH} /usr/bin/python3 -W ignore:setup.py install is deprecated -W ignore:easy_install command is deprecated setup.py egg_info --egg-base build/Assem1_backup_8_description build --build-base /home/adithi/Desktop/Astra_tasks/fusion2urdf-ros2-jazzy/Assem1_backup_8_description/build/Assem1_backup_8_description/build install --record /home/adithi/Desktop/Astra_tasks/fusion2urdf-ros2-jazzy/Assem1_backup_8_description/build/Assem1_backup_8_description/install.log --install-scripts $base/lib/Assem1_backup_8_description --single-version-externally-managed install_data
[0.608s] /usr/lib/python3/dist-packages/setuptools/dist.py:744: SetuptoolsDeprecationWarning: Invalid dash-separated options
[0.608s] !!
[0.609s] 
[0.609s]         ********************************************************************************
[0.609s]         Usage of dash-separated 'script-dir' will not be supported in future
[0.609s]         versions. Please use the underscore name 'script_dir' instead.
[0.609s] 
[0.609s]         This deprecation is overdue, please update your project and remove deprecated
[0.609s]         calls to avoid build errors in the future.
[0.609s] 
[0.609s]         See https://setuptools.pypa.io/en/latest/userguide/declarative_config.html for details.
[0.609s]         ********************************************************************************
[0.609s] 
[0.609s] !!
[0.610s]   opt = self.warn_dash_deprecation(opt, section)
[0.685s] running egg_info
[0.695s] writing build/Assem1_backup_8_description/Assem1_backup_8_description.egg-info/PKG-INFO
[0.696s] writing dependency_links to build/Assem1_backup_8_description/Assem1_backup_8_description.egg-info/dependency_links.txt
[0.696s] writing requirements to build/Assem1_backup_8_description/Assem1_backup_8_description.egg-info/requires.txt
[0.696s] writing top-level names to build/Assem1_backup_8_description/Assem1_backup_8_description.egg-info/top_level.txt
[0.720s] reading manifest file 'build/Assem1_backup_8_description/Assem1_backup_8_description.egg-info/SOURCES.txt'
[0.720s] writing manifest file 'build/Assem1_backup_8_description/Assem1_backup_8_description.egg-info/SOURCES.txt'
[0.720s] running build
[0.720s] running build_py
[0.721s] running install
[0.724s] running install_lib
[0.735s] running install_data
[0.735s] copying config/controllers.yaml -> /home/adithi/Desktop/Astra_tasks/fusion2urdf-ros2-jazzy/Assem1_backup_8_description/install/Assem1_backup_8_description/share/Assem1_backup_8_description/config
[0.736s] running install_egg_info
[0.747s] removing '/home/adithi/Desktop/Astra_tasks/fusion2urdf-ros2-jazzy/Assem1_backup_8_description/install/Assem1_backup_8_description/lib/python3.12/site-packages/Assem1_backup_8_description-0.0.0-py3.12.egg-info' (and everything under it)
[0.747s] Copying build/Assem1_backup_8_description/Assem1_backup_8_description.egg-info to /home/adithi/Desktop/Astra_tasks/fusion2urdf-ros2-jazzy/Assem1_backup_8_description/install/Assem1_backup_8_description/lib/python3.12/site-packages/Assem1_backup_8_description-0.0.0-py3.12.egg-info
[0.748s] running install_scripts
[0.833s] writing list of installed files to '/home/adithi/Desktop/Astra_tasks/fusion2urdf-ros2-jazzy/Assem1_backup_8_description/build/Assem1_backup_8_description/install.log'
[0.851s] Invoked command in '/home/adithi/Desktop/Astra_tasks/fusion2urdf-ros2-jazzy/Assem1_backup_8_description' returned '0': DEBUGINFOD_URLS=https://debuginfod.ubuntu.com PYTHONPATH=/home/adithi/Desktop/Astra_tasks/fusion2urdf-ros2-jazzy/Assem1_backup_8_description/build/Assem1_backup_8_description/prefix_override:/usr/lib/python3/dist-packages/colcon_core/task/python/colcon_distutils_commands:/home/adithi/Desktop/Astra_tasks/fusion2urdf-ros2-jazzy/Assem1_backup_8_description/install/Assem1_backup_8_description/lib/python3.12/site-packages:${PYTHONPATH} /usr/bin/python3 -W ignore:setup.py install is deprecated -W ignore:easy_install command is deprecated setup.py egg_info --egg-base build/Assem1_backup_8_description build --build-base /home/adithi/Desktop/Astra_tasks/fusion2urdf-ros2-jazzy/Assem1_backup_8_description/build/Assem1_backup_8_description/build install --record /home/adithi/Desktop/Astra_tasks/fusion2urdf-ros2-jazzy/Assem1_backup_8_description/build/Assem1_backup_8_description/install.log --install-scripts $base/lib/Assem1_backup_8_description --single-version-externally-managed install_data
