[0.770s] Invoking command in '/home/adithi/Desktop/Astra_tasks/fusion2urdf-ros2-jazzy/Assem1_backup_9_description': DEBUGINFOD_URLS=https://debuginfod.ubuntu.com PYTHONPATH=/home/adithi/Desktop/Astra_tasks/fusion2urdf-ros2-jazzy/Assem1_backup_9_description/build/Assem1_backup_9_description/prefix_override:/usr/lib/python3/dist-packages/colcon_core/task/python/colcon_distutils_commands:/home/adithi/Desktop/Astra_tasks/fusion2urdf-ros2-jazzy/Assem1_backup_9_description/install/Assem1_backup_9_description/lib/python3.12/site-packages:${PYTHONPATH} /usr/bin/python3 -W ignore:setup.py install is deprecated -W ignore:easy_install command is deprecated setup.py egg_info --egg-base build/Assem1_backup_9_description build --build-base /home/adithi/Desktop/Astra_tasks/fusion2urdf-ros2-jazzy/Assem1_backup_9_description/build/Assem1_backup_9_description/build install --record /home/adithi/Desktop/Astra_tasks/fusion2urdf-ros2-jazzy/Assem1_backup_9_description/build/Assem1_backup_9_description/install.log --install-scripts $base/lib/Assem1_backup_9_description --single-version-externally-managed install_data
[0.855s] /usr/lib/python3/dist-packages/setuptools/dist.py:744: SetuptoolsDeprecationWarning: Invalid dash-separated options
[0.856s] !!
[0.856s] 
[0.856s]         ********************************************************************************
[0.856s]         Usage of dash-separated 'script-dir' will not be supported in future
[0.856s]         versions. Please use the underscore name 'script_dir' instead.
[0.856s] 
[0.856s]         This deprecation is overdue, please update your project and remove deprecated
[0.856s]         calls to avoid build errors in the future.
[0.856s] 
[0.856s]         See https://setuptools.pypa.io/en/latest/userguide/declarative_config.html for details.
[0.856s]         ********************************************************************************
[0.856s] 
[0.856s] !!
[0.857s]   opt = self.warn_dash_deprecation(opt, section)
[0.932s] running egg_info
[0.932s] creating build/Assem1_backup_9_description/Assem1_backup_9_description.egg-info
[0.943s] writing build/Assem1_backup_9_description/Assem1_backup_9_description.egg-info/PKG-INFO
[0.943s] writing dependency_links to build/Assem1_backup_9_description/Assem1_backup_9_description.egg-info/dependency_links.txt
[0.943s] writing requirements to build/Assem1_backup_9_description/Assem1_backup_9_description.egg-info/requires.txt
[0.943s] writing top-level names to build/Assem1_backup_9_description/Assem1_backup_9_description.egg-info/top_level.txt
[0.943s] writing manifest file 'build/Assem1_backup_9_description/Assem1_backup_9_description.egg-info/SOURCES.txt'
[0.969s] reading manifest file 'build/Assem1_backup_9_description/Assem1_backup_9_description.egg-info/SOURCES.txt'
[0.970s] writing manifest file 'build/Assem1_backup_9_description/Assem1_backup_9_description.egg-info/SOURCES.txt'
[0.970s] running build
[0.970s] running build_py
[0.970s] creating /home/adithi/Desktop/Astra_tasks/fusion2urdf-ros2-jazzy/Assem1_backup_9_description/build/Assem1_backup_9_description/build
[0.970s] creating /home/adithi/Desktop/Astra_tasks/fusion2urdf-ros2-jazzy/Assem1_backup_9_description/build/Assem1_backup_9_description/build/lib
[0.970s] creating /home/adithi/Desktop/Astra_tasks/fusion2urdf-ros2-jazzy/Assem1_backup_9_description/build/Assem1_backup_9_description/build/lib/Assem1_backup_9_description
[0.970s] copying Assem1_backup_9_description/__init__.py -> /home/adithi/Desktop/Astra_tasks/fusion2urdf-ros2-jazzy/Assem1_backup_9_description/build/Assem1_backup_9_description/build/lib/Assem1_backup_9_description
[0.971s] running install
[0.974s] running install_lib
[0.985s] creating /home/adithi/Desktop/Astra_tasks/fusion2urdf-ros2-jazzy/Assem1_backup_9_description/install/Assem1_backup_9_description/lib/python3.12/site-packages/Assem1_backup_9_description
[0.985s] copying /home/adithi/Desktop/Astra_tasks/fusion2urdf-ros2-jazzy/Assem1_backup_9_description/build/Assem1_backup_9_description/build/lib/Assem1_backup_9_description/__init__.py -> /home/adithi/Desktop/Astra_tasks/fusion2urdf-ros2-jazzy/Assem1_backup_9_description/install/Assem1_backup_9_description/lib/python3.12/site-packages/Assem1_backup_9_description
[0.986s] byte-compiling /home/adithi/Desktop/Astra_tasks/fusion2urdf-ros2-jazzy/Assem1_backup_9_description/install/Assem1_backup_9_description/lib/python3.12/site-packages/Assem1_backup_9_description/__init__.py to __init__.cpython-312.pyc
[0.986s] running install_data
[0.986s] creating /home/adithi/Desktop/Astra_tasks/fusion2urdf-ros2-jazzy/Assem1_backup_9_description/install/Assem1_backup_9_description/share/ament_index
[0.986s] creating /home/adithi/Desktop/Astra_tasks/fusion2urdf-ros2-jazzy/Assem1_backup_9_description/install/Assem1_backup_9_description/share/ament_index/resource_index
[0.986s] creating /home/adithi/Desktop/Astra_tasks/fusion2urdf-ros2-jazzy/Assem1_backup_9_description/install/Assem1_backup_9_description/share/ament_index/resource_index/packages
[0.986s] copying resource/Assem1_backup_9_description -> /home/adithi/Desktop/Astra_tasks/fusion2urdf-ros2-jazzy/Assem1_backup_9_description/install/Assem1_backup_9_description/share/ament_index/resource_index/packages
[0.986s] copying package.xml -> /home/adithi/Desktop/Astra_tasks/fusion2urdf-ros2-jazzy/Assem1_backup_9_description/install/Assem1_backup_9_description/share/Assem1_backup_9_description
[0.986s] creating /home/adithi/Desktop/Astra_tasks/fusion2urdf-ros2-jazzy/Assem1_backup_9_description/install/Assem1_backup_9_description/share/Assem1_backup_9_description/launch
[0.986s] copying launch/display.launch.py -> /home/adithi/Desktop/Astra_tasks/fusion2urdf-ros2-jazzy/Assem1_backup_9_description/install/Assem1_backup_9_description/share/Assem1_backup_9_description/launch
[0.986s] copying launch/gazebo.launch.py -> /home/adithi/Desktop/Astra_tasks/fusion2urdf-ros2-jazzy/Assem1_backup_9_description/install/Assem1_backup_9_description/share/Assem1_backup_9_description/launch
[0.987s] creating /home/adithi/Desktop/Astra_tasks/fusion2urdf-ros2-jazzy/Assem1_backup_9_description/install/Assem1_backup_9_description/share/Assem1_backup_9_description/urdf
[0.987s] copying urdf/Assem1_backup_9.gazebo -> /home/adithi/Desktop/Astra_tasks/fusion2urdf-ros2-jazzy/Assem1_backup_9_description/install/Assem1_backup_9_description/share/Assem1_backup_9_description/urdf
[0.987s] copying urdf/materials.xacro -> /home/adithi/Desktop/Astra_tasks/fusion2urdf-ros2-jazzy/Assem1_backup_9_description/install/Assem1_backup_9_description/share/Assem1_backup_9_description/urdf
[0.987s] copying urdf/Assem1_backup_9.xacro -> /home/adithi/Desktop/Astra_tasks/fusion2urdf-ros2-jazzy/Assem1_backup_9_description/install/Assem1_backup_9_description/share/Assem1_backup_9_description/urdf
[0.987s] copying urdf/Assem1_backup_9.ros2_control.xacro -> /home/adithi/Desktop/Astra_tasks/fusion2urdf-ros2-jazzy/Assem1_backup_9_description/install/Assem1_backup_9_description/share/Assem1_backup_9_description/urdf
[0.987s] copying urdf/Assem1_backup_9.trans -> /home/adithi/Desktop/Astra_tasks/fusion2urdf-ros2-jazzy/Assem1_backup_9_description/install/Assem1_backup_9_description/share/Assem1_backup_9_description/urdf
[0.987s] creating /home/adithi/Desktop/Astra_tasks/fusion2urdf-ros2-jazzy/Assem1_backup_9_description/install/Assem1_backup_9_description/share/Assem1_backup_9_description/meshes
[0.987s] copying meshes/link1_1.stl -> /home/adithi/Desktop/Astra_tasks/fusion2urdf-ros2-jazzy/Assem1_backup_9_description/install/Assem1_backup_9_description/share/Assem1_backup_9_description/meshes
[0.987s] copying meshes/base_link.stl -> /home/adithi/Desktop/Astra_tasks/fusion2urdf-ros2-jazzy/Assem1_backup_9_description/install/Assem1_backup_9_description/share/Assem1_backup_9_description/meshes
[0.987s] copying meshes/link6_1.stl -> /home/adithi/Desktop/Astra_tasks/fusion2urdf-ros2-jazzy/Assem1_backup_9_description/install/Assem1_backup_9_description/share/Assem1_backup_9_description/meshes
[0.987s] copying meshes/link3_1.stl -> /home/adithi/Desktop/Astra_tasks/fusion2urdf-ros2-jazzy/Assem1_backup_9_description/install/Assem1_backup_9_description/share/Assem1_backup_9_description/meshes
[0.987s] copying meshes/link7_2.stl -> /home/adithi/Desktop/Astra_tasks/fusion2urdf-ros2-jazzy/Assem1_backup_9_description/install/Assem1_backup_9_description/share/Assem1_backup_9_description/meshes
[0.987s] copying meshes/link5_1.stl -> /home/adithi/Desktop/Astra_tasks/fusion2urdf-ros2-jazzy/Assem1_backup_9_description/install/Assem1_backup_9_description/share/Assem1_backup_9_description/meshes
[0.987s] copying meshes/link2_1.stl -> /home/adithi/Desktop/Astra_tasks/fusion2urdf-ros2-jazzy/Assem1_backup_9_description/install/Assem1_backup_9_description/share/Assem1_backup_9_description/meshes
[0.988s] copying meshes/link7_1.stl -> /home/adithi/Desktop/Astra_tasks/fusion2urdf-ros2-jazzy/Assem1_backup_9_description/install/Assem1_backup_9_description/share/Assem1_backup_9_description/meshes
[0.988s] copying meshes/link4_1.stl -> /home/adithi/Desktop/Astra_tasks/fusion2urdf-ros2-jazzy/Assem1_backup_9_description/install/Assem1_backup_9_description/share/Assem1_backup_9_description/meshes
[0.988s] creating /home/adithi/Desktop/Astra_tasks/fusion2urdf-ros2-jazzy/Assem1_backup_9_description/install/Assem1_backup_9_description/share/Assem1_backup_9_description/config
[0.988s] copying config/controllers.yaml -> /home/adithi/Desktop/Astra_tasks/fusion2urdf-ros2-jazzy/Assem1_backup_9_description/install/Assem1_backup_9_description/share/Assem1_backup_9_description/config
[0.988s] copying config/display.rviz -> /home/adithi/Desktop/Astra_tasks/fusion2urdf-ros2-jazzy/Assem1_backup_9_description/install/Assem1_backup_9_description/share/Assem1_backup_9_description/config
[0.988s] running install_egg_info
[1.000s] Copying build/Assem1_backup_9_description/Assem1_backup_9_description.egg-info to /home/adithi/Desktop/Astra_tasks/fusion2urdf-ros2-jazzy/Assem1_backup_9_description/install/Assem1_backup_9_description/lib/python3.12/site-packages/Assem1_backup_9_description-0.0.0-py3.12.egg-info
[1.000s] running install_scripts
[1.080s] writing list of installed files to '/home/adithi/Desktop/Astra_tasks/fusion2urdf-ros2-jazzy/Assem1_backup_9_description/build/Assem1_backup_9_description/install.log'
[1.099s] Invoked command in '/home/adithi/Desktop/Astra_tasks/fusion2urdf-ros2-jazzy/Assem1_backup_9_description' returned '0': DEBUGINFOD_URLS=https://debuginfod.ubuntu.com PYTHONPATH=/home/adithi/Desktop/Astra_tasks/fusion2urdf-ros2-jazzy/Assem1_backup_9_description/build/Assem1_backup_9_description/prefix_override:/usr/lib/python3/dist-packages/colcon_core/task/python/colcon_distutils_commands:/home/adithi/Desktop/Astra_tasks/fusion2urdf-ros2-jazzy/Assem1_backup_9_description/install/Assem1_backup_9_description/lib/python3.12/site-packages:${PYTHONPATH} /usr/bin/python3 -W ignore:setup.py install is deprecated -W ignore:easy_install command is deprecated setup.py egg_info --egg-base build/Assem1_backup_9_description build --build-base /home/adithi/Desktop/Astra_tasks/fusion2urdf-ros2-jazzy/Assem1_backup_9_description/build/Assem1_backup_9_description/build install --record /home/adithi/Desktop/Astra_tasks/fusion2urdf-ros2-jazzy/Assem1_backup_9_description/build/Assem1_backup_9_description/install.log --install-scripts $base/lib/Assem1_backup_9_description --single-version-externally-managed install_data
