[0.781s] Invoking command in '/home/adithi/Desktop/Astra_tasks/fusion2urdf-ros2-jazzy/Assem1_backup_6_description': DEBUGINFOD_URLS=https://debuginfod.ubuntu.com PYTHONPATH=/home/adithi/Desktop/Astra_tasks/fusion2urdf-ros2-jazzy/Assem1_backup_6_description/build/Assem1_backup_6_description/prefix_override:/usr/lib/python3/dist-packages/colcon_core/task/python/colcon_distutils_commands:/home/adithi/Desktop/Astra_tasks/fusion2urdf-ros2-jazzy/Assem1_backup_6_description/install/Assem1_backup_6_description/lib/python3.12/site-packages:${PYTHONPATH} /usr/bin/python3 -W ignore:setup.py install is deprecated -W ignore:easy_install command is deprecated setup.py egg_info --egg-base build/Assem1_backup_6_description build --build-base /home/adithi/Desktop/Astra_tasks/fusion2urdf-ros2-jazzy/Assem1_backup_6_description/build/Assem1_backup_6_description/build install --record /home/adithi/Desktop/Astra_tasks/fusion2urdf-ros2-jazzy/Assem1_backup_6_description/build/Assem1_backup_6_description/install.log --install-scripts $base/lib/Assem1_backup_6_description --single-version-externally-managed install_data
[0.863s] /usr/lib/python3/dist-packages/setuptools/dist.py:744: SetuptoolsDeprecationWarning: Invalid dash-separated options
[0.863s] !!
[0.863s] 
[0.863s]         ********************************************************************************
[0.863s]         Usage of dash-separated 'script-dir' will not be supported in future
[0.863s]         versions. Please use the underscore name 'script_dir' instead.
[0.863s] 
[0.863s]         This deprecation is overdue, please update your project and remove deprecated
[0.863s]         calls to avoid build errors in the future.
[0.863s] 
[0.863s]         See https://setuptools.pypa.io/en/latest/userguide/declarative_config.html for details.
[0.864s]         ********************************************************************************
[0.864s] 
[0.864s] !!
[0.864s]   opt = self.warn_dash_deprecation(opt, section)
[0.938s] running egg_info
[0.948s] writing build/Assem1_backup_6_description/Assem1_backup_6_description.egg-info/PKG-INFO
[0.950s] writing dependency_links to build/Assem1_backup_6_description/Assem1_backup_6_description.egg-info/dependency_links.txt
[0.950s] writing requirements to build/Assem1_backup_6_description/Assem1_backup_6_description.egg-info/requires.txt
[0.950s] writing top-level names to build/Assem1_backup_6_description/Assem1_backup_6_description.egg-info/top_level.txt
[0.972s] reading manifest file 'build/Assem1_backup_6_description/Assem1_backup_6_description.egg-info/SOURCES.txt'
[0.973s] writing manifest file 'build/Assem1_backup_6_description/Assem1_backup_6_description.egg-info/SOURCES.txt'
[0.973s] running build
[0.973s] running build_py
[0.973s] running install
[0.977s] running install_lib
[0.988s] running install_data
[0.988s] running install_egg_info
[0.999s] removing '/home/adithi/Desktop/Astra_tasks/fusion2urdf-ros2-jazzy/Assem1_backup_6_description/install/Assem1_backup_6_description/lib/python3.12/site-packages/Assem1_backup_6_description-0.0.0-py3.12.egg-info' (and everything under it)
[1.000s] Copying build/Assem1_backup_6_description/Assem1_backup_6_description.egg-info to /home/adithi/Desktop/Astra_tasks/fusion2urdf-ros2-jazzy/Assem1_backup_6_description/install/Assem1_backup_6_description/lib/python3.12/site-packages/Assem1_backup_6_description-0.0.0-py3.12.egg-info
[1.000s] running install_scripts
[1.079s] writing list of installed files to '/home/adithi/Desktop/Astra_tasks/fusion2urdf-ros2-jazzy/Assem1_backup_6_description/build/Assem1_backup_6_description/install.log'
[1.098s] Invoked command in '/home/adithi/Desktop/Astra_tasks/fusion2urdf-ros2-jazzy/Assem1_backup_6_description' returned '0': DEBUGINFOD_URLS=https://debuginfod.ubuntu.com PYTHONPATH=/home/adithi/Desktop/Astra_tasks/fusion2urdf-ros2-jazzy/Assem1_backup_6_description/build/Assem1_backup_6_description/prefix_override:/usr/lib/python3/dist-packages/colcon_core/task/python/colcon_distutils_commands:/home/adithi/Desktop/Astra_tasks/fusion2urdf-ros2-jazzy/Assem1_backup_6_description/install/Assem1_backup_6_description/lib/python3.12/site-packages:${PYTHONPATH} /usr/bin/python3 -W ignore:setup.py install is deprecated -W ignore:easy_install command is deprecated setup.py egg_info --egg-base build/Assem1_backup_6_description build --build-base /home/adithi/Desktop/Astra_tasks/fusion2urdf-ros2-jazzy/Assem1_backup_6_description/build/Assem1_backup_6_description/build install --record /home/adithi/Desktop/Astra_tasks/fusion2urdf-ros2-jazzy/Assem1_backup_6_description/build/Assem1_backup_6_description/install.log --install-scripts $base/lib/Assem1_backup_6_description --single-version-externally-managed install_data
