[0.161s] DEBUG:colcon:Command line arguments: ['/usr/bin/colcon', 'build']
[0.162s] DEBUG:colcon:Parsed command line arguments: Namespace(log_base=None, log_level=None, verb_name='build', build_base='build', install_base='install', merge_install=False, symlink_install=False, test_result_base=None, continue_on_error=False, executor='parallel', parallel_workers=12, event_handlers=None, ignore_user_meta=False, metas=['./colcon.meta'], base_paths=['.'], packages_ignore=None, packages_ignore_regex=None, paths=None, packages_up_to=None, packages_up_to_regex=None, packages_above=None, packages_above_and_dependencies=None, packages_above_depth=None, packages_select_by_dep=None, packages_skip_by_dep=None, packages_skip_up_to=None, packages_select_build_failed=False, packages_skip_build_finished=False, packages_select_test_failures=False, packages_skip_test_passed=False, packages_select=None, packages_skip=None, packages_select_regex=None, packages_skip_regex=None, packages_start=None, packages_end=None, allow_overriding=[], cmake_args=None, cmake_target=None, cmake_target_skip_unavailable=False, cmake_clean_cache=False, cmake_clean_first=False, cmake_force_configure=False, ament_cmake_args=None, catkin_cmake_args=None, catkin_skip_building_tests=False, mixin_files=None, mixin=None, verb_parser=<colcon_mixin.mixin.mixin_argument.MixinArgumentDecorator object at 0x73b3a74a9820>, verb_extension=<colcon_core.verb.build.BuildVerb object at 0x73b3a74a9550>, main=<bound method BuildVerb.main of <colcon_core.verb.build.BuildVerb object at 0x73b3a74a9550>>, mixin_verb=('build',))
[0.228s] Level 1:colcon.colcon_core.package_discovery:discover_packages(colcon_meta) check parameters
[0.228s] Level 1:colcon.colcon_core.package_discovery:discover_packages(recursive) check parameters
[0.228s] Level 1:colcon.colcon_core.package_discovery:discover_packages(ignore) check parameters
[0.228s] Level 1:colcon.colcon_core.package_discovery:discover_packages(path) check parameters
[0.228s] Level 1:colcon.colcon_core.package_discovery:discover_packages(colcon_meta) discover
[0.228s] Level 1:colcon.colcon_core.package_discovery:discover_packages(recursive) discover
[0.228s] INFO:colcon.colcon_core.package_discovery:Crawling recursively for packages in '/home/adithi/Desktop/Astra_tasks/fusion2urdf-ros2-jazzy/Assem1_backup_6_description'
[0.228s] Level 1:colcon.colcon_core.package_identification:_identify(.) by extensions ['ignore', 'ignore_ament_install']
[0.228s] Level 1:colcon.colcon_core.package_identification:_identify(.) by extension 'ignore'
[0.228s] Level 1:colcon.colcon_core.package_identification:_identify(.) by extension 'ignore_ament_install'
[0.228s] Level 1:colcon.colcon_core.package_identification:_identify(.) by extensions ['colcon_pkg']
[0.228s] Level 1:colcon.colcon_core.package_identification:_identify(.) by extension 'colcon_pkg'
[0.228s] Level 1:colcon.colcon_core.package_identification:_identify(.) by extensions ['colcon_meta']
[0.228s] Level 1:colcon.colcon_core.package_identification:_identify(.) by extension 'colcon_meta'
[0.228s] Level 1:colcon.colcon_core.package_identification:_identify(.) by extensions ['ros']
[0.228s] Level 1:colcon.colcon_core.package_identification:_identify(.) by extension 'ros'
[0.252s] DEBUG:colcon.colcon_core.package_identification:Package '.' with type 'ros.ament_python' and name 'Assem1_backup_6_description'
[0.252s] Level 1:colcon.colcon_core.package_discovery:discover_packages(recursive) using defaults
[0.252s] Level 1:colcon.colcon_core.package_discovery:discover_packages(ignore) discover
[0.252s] Level 1:colcon.colcon_core.package_discovery:discover_packages(ignore) using defaults
[0.252s] Level 1:colcon.colcon_core.package_discovery:discover_packages(path) discover
[0.252s] Level 1:colcon.colcon_core.package_discovery:discover_packages(path) using defaults
[0.275s] Level 1:colcon.colcon_core.package_discovery:discover_packages(prefix_path) check parameters
[0.275s] Level 1:colcon.colcon_core.package_discovery:discover_packages(prefix_path) discover
[0.278s] DEBUG:colcon.colcon_installed_package_information.package_discovery:Found 1 installed packages in /home/adithi/ros2_ws/install
[0.279s] DEBUG:colcon.colcon_installed_package_information.package_discovery:Found 490 installed packages in /opt/ros/jazzy
[0.281s] Level 1:colcon.colcon_core.package_discovery:discover_packages(prefix_path) using defaults
[0.318s] Level 5:colcon.colcon_core.verb:set package 'Assem1_backup_6_description' build argument 'cmake_args' from command line to 'None'
[0.319s] Level 5:colcon.colcon_core.verb:set package 'Assem1_backup_6_description' build argument 'cmake_target' from command line to 'None'
[0.319s] Level 5:colcon.colcon_core.verb:set package 'Assem1_backup_6_description' build argument 'cmake_target_skip_unavailable' from command line to 'False'
[0.319s] Level 5:colcon.colcon_core.verb:set package 'Assem1_backup_6_description' build argument 'cmake_clean_cache' from command line to 'False'
[0.319s] Level 5:colcon.colcon_core.verb:set package 'Assem1_backup_6_description' build argument 'cmake_clean_first' from command line to 'False'
[0.319s] Level 5:colcon.colcon_core.verb:set package 'Assem1_backup_6_description' build argument 'cmake_force_configure' from command line to 'False'
[0.319s] Level 5:colcon.colcon_core.verb:set package 'Assem1_backup_6_description' build argument 'ament_cmake_args' from command line to 'None'
[0.319s] Level 5:colcon.colcon_core.verb:set package 'Assem1_backup_6_description' build argument 'catkin_cmake_args' from command line to 'None'
[0.319s] Level 5:colcon.colcon_core.verb:set package 'Assem1_backup_6_description' build argument 'catkin_skip_building_tests' from command line to 'False'
[0.319s] DEBUG:colcon.colcon_core.verb:Building package 'Assem1_backup_6_description' with the following arguments: {'ament_cmake_args': None, 'build_base': '/home/adithi/Desktop/Astra_tasks/fusion2urdf-ros2-jazzy/Assem1_backup_6_description/build/Assem1_backup_6_description', 'catkin_cmake_args': None, 'catkin_skip_building_tests': False, 'cmake_args': None, 'cmake_clean_cache': False, 'cmake_clean_first': False, 'cmake_force_configure': False, 'cmake_target': None, 'cmake_target_skip_unavailable': False, 'install_base': '/home/adithi/Desktop/Astra_tasks/fusion2urdf-ros2-jazzy/Assem1_backup_6_description/install/Assem1_backup_6_description', 'merge_install': False, 'path': '/home/adithi/Desktop/Astra_tasks/fusion2urdf-ros2-jazzy/Assem1_backup_6_description', 'symlink_install': False, 'test_result_base': None}
[0.319s] INFO:colcon.colcon_core.executor:Executing jobs using 'parallel' executor
[0.319s] DEBUG:colcon.colcon_parallel_executor.executor.parallel:run_until_complete
[0.319s] INFO:colcon.colcon_ros.task.ament_python.build:Building ROS package in '/home/adithi/Desktop/Astra_tasks/fusion2urdf-ros2-jazzy/Assem1_backup_6_description' with build type 'ament_python'
[0.320s] Level 1:colcon.colcon_core.shell:create_environment_hook('Assem1_backup_6_description', 'ament_prefix_path')
[0.324s] INFO:colcon.colcon_core.plugin_system:Skipping extension 'colcon_core.shell.bat': Not used on non-Windows systems
[0.324s] INFO:colcon.colcon_core.shell:Creating environment hook '/home/adithi/Desktop/Astra_tasks/fusion2urdf-ros2-jazzy/Assem1_backup_6_description/install/Assem1_backup_6_description/share/Assem1_backup_6_description/hook/ament_prefix_path.ps1'
[0.325s] INFO:colcon.colcon_core.shell:Creating environment descriptor '/home/adithi/Desktop/Astra_tasks/fusion2urdf-ros2-jazzy/Assem1_backup_6_description/install/Assem1_backup_6_description/share/Assem1_backup_6_description/hook/ament_prefix_path.dsv'
[0.326s] INFO:colcon.colcon_core.shell:Creating environment hook '/home/adithi/Desktop/Astra_tasks/fusion2urdf-ros2-jazzy/Assem1_backup_6_description/install/Assem1_backup_6_description/share/Assem1_backup_6_description/hook/ament_prefix_path.sh'
[0.326s] INFO:colcon.colcon_core.shell:Skip shell extension 'powershell' for command environment: Not usable outside of PowerShell
[0.326s] DEBUG:colcon.colcon_core.shell:Skip shell extension 'dsv' for command environment
[0.483s] INFO:colcon.colcon_core.task.python.build:Building Python package in '/home/adithi/Desktop/Astra_tasks/fusion2urdf-ros2-jazzy/Assem1_backup_6_description'
[0.483s] INFO:colcon.colcon_core.shell:Skip shell extension 'powershell' for command environment: Not usable outside of PowerShell
[0.484s] DEBUG:colcon.colcon_core.shell:Skip shell extension 'dsv' for command environment
[1.116s] DEBUG:colcon.colcon_core.task.python.build:Available setuptools commands: rotate, upload, dist_info, build_scripts, bdist_rpm, editable_wheel, register, bdist, install_headers, install_scripts, easy_install, install_egg_info, compile_catalog, sdist, install, setopt, test, update_catalog, check, install_data, saveopts, bdist_wheel, init_catalog, build_clib, build_ext, clean, symlink_data, bdist_dumb, build, alias, egg_info, build_py, bdist_egg, extract_messages, upload_docs, install_lib, develop
[1.118s] DEBUG:colcon.colcon_core.event_handler.log_command:Invoking command in '/home/adithi/Desktop/Astra_tasks/fusion2urdf-ros2-jazzy/Assem1_backup_6_description': DEBUGINFOD_URLS=https://debuginfod.ubuntu.com PYTHONPATH=/home/adithi/Desktop/Astra_tasks/fusion2urdf-ros2-jazzy/Assem1_backup_6_description/build/Assem1_backup_6_description/prefix_override:/usr/lib/python3/dist-packages/colcon_core/task/python/colcon_distutils_commands:/home/adithi/Desktop/Astra_tasks/fusion2urdf-ros2-jazzy/Assem1_backup_6_description/install/Assem1_backup_6_description/lib/python3.12/site-packages:${PYTHONPATH} /usr/bin/python3 -W ignore:setup.py install is deprecated -W ignore:easy_install command is deprecated setup.py egg_info --egg-base build/Assem1_backup_6_description build --build-base /home/adithi/Desktop/Astra_tasks/fusion2urdf-ros2-jazzy/Assem1_backup_6_description/build/Assem1_backup_6_description/build install --record /home/adithi/Desktop/Astra_tasks/fusion2urdf-ros2-jazzy/Assem1_backup_6_description/build/Assem1_backup_6_description/install.log --install-scripts $base/lib/Assem1_backup_6_description --single-version-externally-managed install_data
[1.454s] DEBUG:colcon.colcon_core.event_handler.log_command:Invoked command in '/home/adithi/Desktop/Astra_tasks/fusion2urdf-ros2-jazzy/Assem1_backup_6_description' returned '0': DEBUGINFOD_URLS=https://debuginfod.ubuntu.com PYTHONPATH=/home/adithi/Desktop/Astra_tasks/fusion2urdf-ros2-jazzy/Assem1_backup_6_description/build/Assem1_backup_6_description/prefix_override:/usr/lib/python3/dist-packages/colcon_core/task/python/colcon_distutils_commands:/home/adithi/Desktop/Astra_tasks/fusion2urdf-ros2-jazzy/Assem1_backup_6_description/install/Assem1_backup_6_description/lib/python3.12/site-packages:${PYTHONPATH} /usr/bin/python3 -W ignore:setup.py install is deprecated -W ignore:easy_install command is deprecated setup.py egg_info --egg-base build/Assem1_backup_6_description build --build-base /home/adithi/Desktop/Astra_tasks/fusion2urdf-ros2-jazzy/Assem1_backup_6_description/build/Assem1_backup_6_description/build install --record /home/adithi/Desktop/Astra_tasks/fusion2urdf-ros2-jazzy/Assem1_backup_6_description/build/Assem1_backup_6_description/install.log --install-scripts $base/lib/Assem1_backup_6_description --single-version-externally-managed install_data
[1.458s] Level 1:colcon.colcon_core.environment:checking '/home/adithi/Desktop/Astra_tasks/fusion2urdf-ros2-jazzy/Assem1_backup_6_description/install/Assem1_backup_6_description' for CMake module files
[1.458s] Level 1:colcon.colcon_core.environment:checking '/home/adithi/Desktop/Astra_tasks/fusion2urdf-ros2-jazzy/Assem1_backup_6_description/install/Assem1_backup_6_description' for CMake config files
[1.459s] Level 1:colcon.colcon_core.environment:checking '/home/adithi/Desktop/Astra_tasks/fusion2urdf-ros2-jazzy/Assem1_backup_6_description/install/Assem1_backup_6_description/lib'
[1.459s] Level 1:colcon.colcon_core.environment:checking '/home/adithi/Desktop/Astra_tasks/fusion2urdf-ros2-jazzy/Assem1_backup_6_description/install/Assem1_backup_6_description/bin'
[1.459s] Level 1:colcon.colcon_core.environment:checking '/home/adithi/Desktop/Astra_tasks/fusion2urdf-ros2-jazzy/Assem1_backup_6_description/install/Assem1_backup_6_description/lib/pkgconfig/Assem1_backup_6_description.pc'
[1.459s] Level 1:colcon.colcon_core.environment:checking '/home/adithi/Desktop/Astra_tasks/fusion2urdf-ros2-jazzy/Assem1_backup_6_description/install/Assem1_backup_6_description/lib/python3.12/site-packages'
[1.459s] Level 1:colcon.colcon_core.shell:create_environment_hook('Assem1_backup_6_description', 'pythonpath')
[1.459s] INFO:colcon.colcon_core.shell:Creating environment hook '/home/adithi/Desktop/Astra_tasks/fusion2urdf-ros2-jazzy/Assem1_backup_6_description/install/Assem1_backup_6_description/share/Assem1_backup_6_description/hook/pythonpath.ps1'
[1.459s] INFO:colcon.colcon_core.shell:Creating environment descriptor '/home/adithi/Desktop/Astra_tasks/fusion2urdf-ros2-jazzy/Assem1_backup_6_description/install/Assem1_backup_6_description/share/Assem1_backup_6_description/hook/pythonpath.dsv'
[1.460s] INFO:colcon.colcon_core.shell:Creating environment hook '/home/adithi/Desktop/Astra_tasks/fusion2urdf-ros2-jazzy/Assem1_backup_6_description/install/Assem1_backup_6_description/share/Assem1_backup_6_description/hook/pythonpath.sh'
[1.460s] Level 1:colcon.colcon_core.environment:checking '/home/adithi/Desktop/Astra_tasks/fusion2urdf-ros2-jazzy/Assem1_backup_6_description/install/Assem1_backup_6_description/bin'
[1.460s] Level 1:colcon.colcon_core.environment:create_environment_scripts_only(Assem1_backup_6_description)
[1.460s] INFO:colcon.colcon_core.shell:Creating package script '/home/adithi/Desktop/Astra_tasks/fusion2urdf-ros2-jazzy/Assem1_backup_6_description/install/Assem1_backup_6_description/share/Assem1_backup_6_description/package.ps1'
[1.461s] INFO:colcon.colcon_core.shell:Creating package descriptor '/home/adithi/Desktop/Astra_tasks/fusion2urdf-ros2-jazzy/Assem1_backup_6_description/install/Assem1_backup_6_description/share/Assem1_backup_6_description/package.dsv'
[1.461s] INFO:colcon.colcon_core.shell:Creating package script '/home/adithi/Desktop/Astra_tasks/fusion2urdf-ros2-jazzy/Assem1_backup_6_description/install/Assem1_backup_6_description/share/Assem1_backup_6_description/package.sh'
[1.472s] INFO:colcon.colcon_core.shell:Creating package script '/home/adithi/Desktop/Astra_tasks/fusion2urdf-ros2-jazzy/Assem1_backup_6_description/install/Assem1_backup_6_description/share/Assem1_backup_6_description/package.bash'
[1.472s] INFO:colcon.colcon_core.shell:Creating package script '/home/adithi/Desktop/Astra_tasks/fusion2urdf-ros2-jazzy/Assem1_backup_6_description/install/Assem1_backup_6_description/share/Assem1_backup_6_description/package.zsh'
[1.473s] Level 1:colcon.colcon_core.environment:create_file_with_runtime_dependencies(/home/adithi/Desktop/Astra_tasks/fusion2urdf-ros2-jazzy/Assem1_backup_6_description/install/Assem1_backup_6_description/share/colcon-core/packages/Assem1_backup_6_description)
[1.473s] DEBUG:colcon.colcon_parallel_executor.executor.parallel:closing loop
[1.473s] DEBUG:colcon.colcon_parallel_executor.executor.parallel:loop closed
[1.473s] DEBUG:colcon.colcon_parallel_executor.executor.parallel:run_until_complete finished with '0'
[1.473s] DEBUG:colcon.colcon_core.event_reactor:joining thread
[1.480s] INFO:colcon.colcon_core.plugin_system:Skipping extension 'colcon_notification.desktop_notification.terminal_notifier': Not used on non-Darwin systems
[1.480s] INFO:colcon.colcon_core.plugin_system:Skipping extension 'colcon_notification.desktop_notification.win32': Not used on non-Windows systems
[1.480s] INFO:colcon.colcon_notification.desktop_notification:Sending desktop notification using 'notify2'
[1.493s] DEBUG:colcon.colcon_core.event_reactor:joined thread
[1.494s] INFO:colcon.colcon_core.shell:Creating prefix script '/home/adithi/Desktop/Astra_tasks/fusion2urdf-ros2-jazzy/Assem1_backup_6_description/install/local_setup.ps1'
[1.494s] INFO:colcon.colcon_core.shell:Creating prefix util module '/home/adithi/Desktop/Astra_tasks/fusion2urdf-ros2-jazzy/Assem1_backup_6_description/install/_local_setup_util_ps1.py'
[1.495s] INFO:colcon.colcon_core.shell:Creating prefix chain script '/home/adithi/Desktop/Astra_tasks/fusion2urdf-ros2-jazzy/Assem1_backup_6_description/install/setup.ps1'
[1.496s] INFO:colcon.colcon_core.shell:Creating prefix script '/home/adithi/Desktop/Astra_tasks/fusion2urdf-ros2-jazzy/Assem1_backup_6_description/install/local_setup.sh'
[1.497s] INFO:colcon.colcon_core.shell:Creating prefix util module '/home/adithi/Desktop/Astra_tasks/fusion2urdf-ros2-jazzy/Assem1_backup_6_description/install/_local_setup_util_sh.py'
[1.497s] INFO:colcon.colcon_core.shell:Creating prefix chain script '/home/adithi/Desktop/Astra_tasks/fusion2urdf-ros2-jazzy/Assem1_backup_6_description/install/setup.sh'
[1.498s] INFO:colcon.colcon_core.shell:Creating prefix script '/home/adithi/Desktop/Astra_tasks/fusion2urdf-ros2-jazzy/Assem1_backup_6_description/install/local_setup.bash'
[1.498s] INFO:colcon.colcon_core.shell:Creating prefix chain script '/home/adithi/Desktop/Astra_tasks/fusion2urdf-ros2-jazzy/Assem1_backup_6_description/install/setup.bash'
[1.499s] INFO:colcon.colcon_core.shell:Creating prefix script '/home/adithi/Desktop/Astra_tasks/fusion2urdf-ros2-jazzy/Assem1_backup_6_description/install/local_setup.zsh'
[1.500s] INFO:colcon.colcon_core.shell:Creating prefix chain script '/home/adithi/Desktop/Astra_tasks/fusion2urdf-ros2-jazzy/Assem1_backup_6_description/install/setup.zsh'
