[1.104s] Invoking command in '/home/adithi/Desktop/Astra_tasks/fusion2urdf-ros2-jazzy/Assem1_backup_11_description': DEBUGINFOD_URLS=https://debuginfod.ubuntu.com PYTHONPATH=/home/adithi/Desktop/Astra_tasks/fusion2urdf-ros2-jazzy/Assem1_backup_11_description/build/Assem1_backup_11_description/prefix_override:/usr/lib/python3/dist-packages/colcon_core/task/python/colcon_distutils_commands:/home/adithi/Desktop/Astra_tasks/fusion2urdf-ros2-jazzy/Assem1_backup_11_description/install/Assem1_backup_11_description/lib/python3.12/site-packages:${PYTHONPATH} /usr/bin/python3 -W ignore:setup.py install is deprecated -W ignore:easy_install command is deprecated setup.py egg_info --egg-base build/Assem1_backup_11_description build --build-base /home/adithi/Desktop/Astra_tasks/fusion2urdf-ros2-jazzy/Assem1_backup_11_description/build/Assem1_backup_11_description/build install --record /home/adithi/Desktop/Astra_tasks/fusion2urdf-ros2-jazzy/Assem1_backup_11_description/build/Assem1_backup_11_description/install.log --install-scripts $base/lib/Assem1_backup_11_description --single-version-externally-managed install_data
[1.271s] /usr/lib/python3/dist-packages/setuptools/dist.py:744: SetuptoolsDeprecationWarning: Invalid dash-separated options
[1.271s] !!
[1.271s] 
[1.271s]         ********************************************************************************
[1.271s]         Usage of dash-separated 'script-dir' will not be supported in future
[1.271s]         versions. Please use the underscore name 'script_dir' instead.
[1.272s] 
[1.272s]         This deprecation is overdue, please update your project and remove deprecated
[1.272s]         calls to avoid build errors in the future.
[1.272s] 
[1.272s]         See https://setuptools.pypa.io/en/latest/userguide/declarative_config.html for details.
[1.272s]         ********************************************************************************
[1.272s] 
[1.272s] !!
[1.272s]   opt = self.warn_dash_deprecation(opt, section)
[1.365s] running egg_info
[1.378s] writing build/Assem1_backup_11_description/Assem1_backup_11_description.egg-info/PKG-INFO
[1.378s] writing dependency_links to build/Assem1_backup_11_description/Assem1_backup_11_description.egg-info/dependency_links.txt
[1.378s] writing requirements to build/Assem1_backup_11_description/Assem1_backup_11_description.egg-info/requires.txt
[1.378s] writing top-level names to build/Assem1_backup_11_description/Assem1_backup_11_description.egg-info/top_level.txt
[1.400s] reading manifest file 'build/Assem1_backup_11_description/Assem1_backup_11_description.egg-info/SOURCES.txt'
[1.400s] writing manifest file 'build/Assem1_backup_11_description/Assem1_backup_11_description.egg-info/SOURCES.txt'
[1.401s] running build
[1.401s] running build_py
[1.401s] running install
[1.405s] running install_lib
[1.416s] running install_data
[1.417s] copying urdf/Assem1_backup_11.xacro -> /home/adithi/Desktop/Astra_tasks/fusion2urdf-ros2-jazzy/Assem1_backup_11_description/install/Assem1_backup_11_description/share/Assem1_backup_11_description/urdf
[1.417s] copying config/controllers.yaml -> /home/adithi/Desktop/Astra_tasks/fusion2urdf-ros2-jazzy/Assem1_backup_11_description/install/Assem1_backup_11_description/share/Assem1_backup_11_description/config
[1.417s] running install_egg_info
[1.429s] removing '/home/adithi/Desktop/Astra_tasks/fusion2urdf-ros2-jazzy/Assem1_backup_11_description/install/Assem1_backup_11_description/lib/python3.12/site-packages/Assem1_backup_11_description-0.0.0-py3.12.egg-info' (and everything under it)
[1.429s] Copying build/Assem1_backup_11_description/Assem1_backup_11_description.egg-info to /home/adithi/Desktop/Astra_tasks/fusion2urdf-ros2-jazzy/Assem1_backup_11_description/install/Assem1_backup_11_description/lib/python3.12/site-packages/Assem1_backup_11_description-0.0.0-py3.12.egg-info
[1.429s] running install_scripts
[1.521s] writing list of installed files to '/home/adithi/Desktop/Astra_tasks/fusion2urdf-ros2-jazzy/Assem1_backup_11_description/build/Assem1_backup_11_description/install.log'
[1.555s] Invoked command in '/home/adithi/Desktop/Astra_tasks/fusion2urdf-ros2-jazzy/Assem1_backup_11_description' returned '0': DEBUGINFOD_URLS=https://debuginfod.ubuntu.com PYTHONPATH=/home/adithi/Desktop/Astra_tasks/fusion2urdf-ros2-jazzy/Assem1_backup_11_description/build/Assem1_backup_11_description/prefix_override:/usr/lib/python3/dist-packages/colcon_core/task/python/colcon_distutils_commands:/home/adithi/Desktop/Astra_tasks/fusion2urdf-ros2-jazzy/Assem1_backup_11_description/install/Assem1_backup_11_description/lib/python3.12/site-packages:${PYTHONPATH} /usr/bin/python3 -W ignore:setup.py install is deprecated -W ignore:easy_install command is deprecated setup.py egg_info --egg-base build/Assem1_backup_11_description build --build-base /home/adithi/Desktop/Astra_tasks/fusion2urdf-ros2-jazzy/Assem1_backup_11_description/build/Assem1_backup_11_description/build install --record /home/adithi/Desktop/Astra_tasks/fusion2urdf-ros2-jazzy/Assem1_backup_11_description/build/Assem1_backup_11_description/install.log --install-scripts $base/lib/Assem1_backup_11_description --single-version-externally-managed install_data
