[0.762s] Invoking command in '/home/adithi/Desktop/Astra_tasks/fusion2urdf-ros2-jazzy/Assem1_backup_6_description': DEBUGINFOD_URLS=https://debuginfod.ubuntu.com PYTHONPATH=/home/adithi/Desktop/Astra_tasks/fusion2urdf-ros2-jazzy/Assem1_backup_6_description/build/Assem1_backup_6_description/prefix_override:/usr/lib/python3/dist-packages/colcon_core/task/python/colcon_distutils_commands:/home/adithi/Desktop/Astra_tasks/fusion2urdf-ros2-jazzy/Assem1_backup_6_description/install/Assem1_backup_6_description/lib/python3.12/site-packages:${PYTHONPATH} /usr/bin/python3 -W ignore:setup.py install is deprecated -W ignore:easy_install command is deprecated setup.py egg_info --egg-base build/Assem1_backup_6_description build --build-base /home/adithi/Desktop/Astra_tasks/fusion2urdf-ros2-jazzy/Assem1_backup_6_description/build/Assem1_backup_6_description/build install --record /home/adithi/Desktop/Astra_tasks/fusion2urdf-ros2-jazzy/Assem1_backup_6_description/build/Assem1_backup_6_description/install.log --install-scripts $base/lib/Assem1_backup_6_description --single-version-externally-managed install_data
[0.843s] /usr/lib/python3/dist-packages/setuptools/dist.py:744: SetuptoolsDeprecationWarning: Invalid dash-separated options
[0.843s] !!
[0.844s] 
[0.844s]         ********************************************************************************
[0.844s]         Usage of dash-separated 'script-dir' will not be supported in future
[0.844s]         versions. Please use the underscore name 'script_dir' instead.
[0.844s] 
[0.844s]         This deprecation is overdue, please update your project and remove deprecated
[0.844s]         calls to avoid build errors in the future.
[0.844s] 
[0.844s]         See https://setuptools.pypa.io/en/latest/userguide/declarative_config.html for details.
[0.844s]         ********************************************************************************
[0.844s] 
[0.844s] !!
[0.844s]   opt = self.warn_dash_deprecation(opt, section)
[0.920s] running egg_info
[0.930s] writing build/Assem1_backup_6_description/Assem1_backup_6_description.egg-info/PKG-INFO
[0.932s] writing dependency_links to build/Assem1_backup_6_description/Assem1_backup_6_description.egg-info/dependency_links.txt
[0.932s] writing requirements to build/Assem1_backup_6_description/Assem1_backup_6_description.egg-info/requires.txt
[0.932s] writing top-level names to build/Assem1_backup_6_description/Assem1_backup_6_description.egg-info/top_level.txt
[0.956s] reading manifest file 'build/Assem1_backup_6_description/Assem1_backup_6_description.egg-info/SOURCES.txt'
[0.957s] writing manifest file 'build/Assem1_backup_6_description/Assem1_backup_6_description.egg-info/SOURCES.txt'
[0.957s] running build
[0.957s] running build_py
[0.957s] running install
[0.961s] running install_lib
[0.973s] running install_data
[0.975s] running install_egg_info
[0.986s] removing '/home/adithi/Desktop/Astra_tasks/fusion2urdf-ros2-jazzy/Assem1_backup_6_description/install/Assem1_backup_6_description/lib/python3.12/site-packages/Assem1_backup_6_description-0.0.0-py3.12.egg-info' (and everything under it)
[0.986s] Copying build/Assem1_backup_6_description/Assem1_backup_6_description.egg-info to /home/adithi/Desktop/Astra_tasks/fusion2urdf-ros2-jazzy/Assem1_backup_6_description/install/Assem1_backup_6_description/lib/python3.12/site-packages/Assem1_backup_6_description-0.0.0-py3.12.egg-info
[0.987s] running install_scripts
[1.067s] writing list of installed files to '/home/adithi/Desktop/Astra_tasks/fusion2urdf-ros2-jazzy/Assem1_backup_6_description/build/Assem1_backup_6_description/install.log'
[1.086s] Invoked command in '/home/adithi/Desktop/Astra_tasks/fusion2urdf-ros2-jazzy/Assem1_backup_6_description' returned '0': DEBUGINFOD_URLS=https://debuginfod.ubuntu.com PYTHONPATH=/home/adithi/Desktop/Astra_tasks/fusion2urdf-ros2-jazzy/Assem1_backup_6_description/build/Assem1_backup_6_description/prefix_override:/usr/lib/python3/dist-packages/colcon_core/task/python/colcon_distutils_commands:/home/adithi/Desktop/Astra_tasks/fusion2urdf-ros2-jazzy/Assem1_backup_6_description/install/Assem1_backup_6_description/lib/python3.12/site-packages:${PYTHONPATH} /usr/bin/python3 -W ignore:setup.py install is deprecated -W ignore:easy_install command is deprecated setup.py egg_info --egg-base build/Assem1_backup_6_description build --build-base /home/adithi/Desktop/Astra_tasks/fusion2urdf-ros2-jazzy/Assem1_backup_6_description/build/Assem1_backup_6_description/build install --record /home/adithi/Desktop/Astra_tasks/fusion2urdf-ros2-jazzy/Assem1_backup_6_description/build/Assem1_backup_6_description/install.log --install-scripts $base/lib/Assem1_backup_6_description --single-version-externally-managed install_data
