[0.498s] Invoking command in '/home/adithi/Desktop/Astra_tasks/fusion2urdf-ros2-jazzy/Assem1_backup_7_description': DEBUGINFOD_URLS=https://debuginfod.ubuntu.com PYTHONPATH=/home/adithi/Desktop/Astra_tasks/fusion2urdf-ros2-jazzy/Assem1_backup_7_description/build/Assem1_backup_7_description/prefix_override:/usr/lib/python3/dist-packages/colcon_core/task/python/colcon_distutils_commands:/home/adithi/Desktop/Astra_tasks/fusion2urdf-ros2-jazzy/Assem1_backup_7_description/install/Assem1_backup_7_description/lib/python3.12/site-packages:${PYTHONPATH} /usr/bin/python3 -W ignore:setup.py install is deprecated -W ignore:easy_install command is deprecated setup.py egg_info --egg-base build/Assem1_backup_7_description build --build-base /home/adithi/Desktop/Astra_tasks/fusion2urdf-ros2-jazzy/Assem1_backup_7_description/build/Assem1_backup_7_description/build install --record /home/adithi/Desktop/Astra_tasks/fusion2urdf-ros2-jazzy/Assem1_backup_7_description/build/Assem1_backup_7_description/install.log --install-scripts $base/lib/Assem1_backup_7_description --single-version-externally-managed install_data
[0.582s] /usr/lib/python3/dist-packages/setuptools/dist.py:744: SetuptoolsDeprecationWarning: Invalid dash-separated options
[0.583s] !!
[0.583s] 
[0.583s]         ********************************************************************************
[0.583s]         Usage of dash-separated 'script-dir' will not be supported in future
[0.583s]         versions. Please use the underscore name 'script_dir' instead.
[0.583s] 
[0.583s]         This deprecation is overdue, please update your project and remove deprecated
[0.583s]         calls to avoid build errors in the future.
[0.583s] 
[0.583s]         See https://setuptools.pypa.io/en/latest/userguide/declarative_config.html for details.
[0.583s]         ********************************************************************************
[0.583s] 
[0.583s] !!
[0.583s]   opt = self.warn_dash_deprecation(opt, section)
[0.659s] running egg_info
[0.670s] writing build/Assem1_backup_7_description/Assem1_backup_7_description.egg-info/PKG-INFO
[0.670s] writing dependency_links to build/Assem1_backup_7_description/Assem1_backup_7_description.egg-info/dependency_links.txt
[0.670s] writing requirements to build/Assem1_backup_7_description/Assem1_backup_7_description.egg-info/requires.txt
[0.670s] writing top-level names to build/Assem1_backup_7_description/Assem1_backup_7_description.egg-info/top_level.txt
[0.691s] reading manifest file 'build/Assem1_backup_7_description/Assem1_backup_7_description.egg-info/SOURCES.txt'
[0.692s] writing manifest file 'build/Assem1_backup_7_description/Assem1_backup_7_description.egg-info/SOURCES.txt'
[0.692s] running build
[0.692s] running build_py
[0.693s] running install
[0.696s] running install_lib
[0.709s] running install_data
[0.709s] running install_egg_info
[0.720s] removing '/home/adithi/Desktop/Astra_tasks/fusion2urdf-ros2-jazzy/Assem1_backup_7_description/install/Assem1_backup_7_description/lib/python3.12/site-packages/Assem1_backup_7_description-0.0.0-py3.12.egg-info' (and everything under it)
[0.721s] Copying build/Assem1_backup_7_description/Assem1_backup_7_description.egg-info to /home/adithi/Desktop/Astra_tasks/fusion2urdf-ros2-jazzy/Assem1_backup_7_description/install/Assem1_backup_7_description/lib/python3.12/site-packages/Assem1_backup_7_description-0.0.0-py3.12.egg-info
[0.721s] running install_scripts
[0.800s] writing list of installed files to '/home/adithi/Desktop/Astra_tasks/fusion2urdf-ros2-jazzy/Assem1_backup_7_description/build/Assem1_backup_7_description/install.log'
[0.821s] Invoked command in '/home/adithi/Desktop/Astra_tasks/fusion2urdf-ros2-jazzy/Assem1_backup_7_description' returned '0': DEBUGINFOD_URLS=https://debuginfod.ubuntu.com PYTHONPATH=/home/adithi/Desktop/Astra_tasks/fusion2urdf-ros2-jazzy/Assem1_backup_7_description/build/Assem1_backup_7_description/prefix_override:/usr/lib/python3/dist-packages/colcon_core/task/python/colcon_distutils_commands:/home/adithi/Desktop/Astra_tasks/fusion2urdf-ros2-jazzy/Assem1_backup_7_description/install/Assem1_backup_7_description/lib/python3.12/site-packages:${PYTHONPATH} /usr/bin/python3 -W ignore:setup.py install is deprecated -W ignore:easy_install command is deprecated setup.py egg_info --egg-base build/Assem1_backup_7_description build --build-base /home/adithi/Desktop/Astra_tasks/fusion2urdf-ros2-jazzy/Assem1_backup_7_description/build/Assem1_backup_7_description/build install --record /home/adithi/Desktop/Astra_tasks/fusion2urdf-ros2-jazzy/Assem1_backup_7_description/build/Assem1_backup_7_description/install.log --install-scripts $base/lib/Assem1_backup_7_description --single-version-externally-managed install_data
