[0.678s] Invoking command in '/home/adithi/Desktop/Astra_tasks/fusion2urdf-ros2-jazzy/Assem1_backup_8_description': DEBUGINFOD_URLS=https://debuginfod.ubuntu.com PYTHONPATH=/home/adithi/Desktop/Astra_tasks/fusion2urdf-ros2-jazzy/Assem1_backup_8_description/build/Assem1_backup_8_description/prefix_override:/usr/lib/python3/dist-packages/colcon_core/task/python/colcon_distutils_commands:/home/adithi/Desktop/Astra_tasks/fusion2urdf-ros2-jazzy/Assem1_backup_8_description/install/Assem1_backup_8_description/lib/python3.12/site-packages:${PYTHONPATH} /usr/bin/python3 -W ignore:setup.py install is deprecated -W ignore:easy_install command is deprecated setup.py egg_info --egg-base build/Assem1_backup_8_description build --build-base /home/adithi/Desktop/Astra_tasks/fusion2urdf-ros2-jazzy/Assem1_backup_8_description/build/Assem1_backup_8_description/build install --record /home/adithi/Desktop/Astra_tasks/fusion2urdf-ros2-jazzy/Assem1_backup_8_description/build/Assem1_backup_8_description/install.log --install-scripts $base/lib/Assem1_backup_8_description --single-version-externally-managed install_data
[0.758s] /usr/lib/python3/dist-packages/setuptools/dist.py:744: SetuptoolsDeprecationWarning: Invalid dash-separated options
[0.758s] !!
[0.758s] 
[0.758s]         ********************************************************************************
[0.758s]         Usage of dash-separated 'script-dir' will not be supported in future
[0.758s]         versions. Please use the underscore name 'script_dir' instead.
[0.759s] 
[0.759s]         This deprecation is overdue, please update your project and remove deprecated
[0.759s]         calls to avoid build errors in the future.
[0.759s] 
[0.759s]         See https://setuptools.pypa.io/en/latest/userguide/declarative_config.html for details.
[0.759s]         ********************************************************************************
[0.759s] 
[0.759s] !!
[0.759s]   opt = self.warn_dash_deprecation(opt, section)
[0.836s] running egg_info
[0.847s] writing build/Assem1_backup_8_description/Assem1_backup_8_description.egg-info/PKG-INFO
[0.847s] writing dependency_links to build/Assem1_backup_8_description/Assem1_backup_8_description.egg-info/dependency_links.txt
[0.847s] writing requirements to build/Assem1_backup_8_description/Assem1_backup_8_description.egg-info/requires.txt
[0.848s] writing top-level names to build/Assem1_backup_8_description/Assem1_backup_8_description.egg-info/top_level.txt
[0.869s] reading manifest file 'build/Assem1_backup_8_description/Assem1_backup_8_description.egg-info/SOURCES.txt'
[0.870s] writing manifest file 'build/Assem1_backup_8_description/Assem1_backup_8_description.egg-info/SOURCES.txt'
[0.870s] running build
[0.871s] running build_py
[0.871s] running install
[0.874s] running install_lib
[0.885s] running install_data
[0.885s] running install_egg_info
[0.896s] removing '/home/adithi/Desktop/Astra_tasks/fusion2urdf-ros2-jazzy/Assem1_backup_8_description/install/Assem1_backup_8_description/lib/python3.12/site-packages/Assem1_backup_8_description-0.0.0-py3.12.egg-info' (and everything under it)
[0.897s] Copying build/Assem1_backup_8_description/Assem1_backup_8_description.egg-info to /home/adithi/Desktop/Astra_tasks/fusion2urdf-ros2-jazzy/Assem1_backup_8_description/install/Assem1_backup_8_description/lib/python3.12/site-packages/Assem1_backup_8_description-0.0.0-py3.12.egg-info
[0.897s] running install_scripts
[0.984s] writing list of installed files to '/home/adithi/Desktop/Astra_tasks/fusion2urdf-ros2-jazzy/Assem1_backup_8_description/build/Assem1_backup_8_description/install.log'
[1.015s] Invoked command in '/home/adithi/Desktop/Astra_tasks/fusion2urdf-ros2-jazzy/Assem1_backup_8_description' returned '0': DEBUGINFOD_URLS=https://debuginfod.ubuntu.com PYTHONPATH=/home/adithi/Desktop/Astra_tasks/fusion2urdf-ros2-jazzy/Assem1_backup_8_description/build/Assem1_backup_8_description/prefix_override:/usr/lib/python3/dist-packages/colcon_core/task/python/colcon_distutils_commands:/home/adithi/Desktop/Astra_tasks/fusion2urdf-ros2-jazzy/Assem1_backup_8_description/install/Assem1_backup_8_description/lib/python3.12/site-packages:${PYTHONPATH} /usr/bin/python3 -W ignore:setup.py install is deprecated -W ignore:easy_install command is deprecated setup.py egg_info --egg-base build/Assem1_backup_8_description build --build-base /home/adithi/Desktop/Astra_tasks/fusion2urdf-ros2-jazzy/Assem1_backup_8_description/build/Assem1_backup_8_description/build install --record /home/adithi/Desktop/Astra_tasks/fusion2urdf-ros2-jazzy/Assem1_backup_8_description/build/Assem1_backup_8_description/install.log --install-scripts $base/lib/Assem1_backup_8_description --single-version-externally-managed install_data
