running egg_info
creating build/Assem1_backup_5_description/Assem1_backup_5_description.egg-info
writing build/Assem1_backup_5_description/Assem1_backup_5_description.egg-info/PKG-INFO
writing dependency_links to build/Assem1_backup_5_description/Assem1_backup_5_description.egg-info/dependency_links.txt
writing requirements to build/Assem1_backup_5_description/Assem1_backup_5_description.egg-info/requires.txt
writing top-level names to build/Assem1_backup_5_description/Assem1_backup_5_description.egg-info/top_level.txt
writing manifest file 'build/Assem1_backup_5_description/Assem1_backup_5_description.egg-info/SOURCES.txt'
reading manifest file 'build/Assem1_backup_5_description/Assem1_backup_5_description.egg-info/SOURCES.txt'
writing manifest file 'build/Assem1_backup_5_description/Assem1_backup_5_description.egg-info/SOURCES.txt'
running build
running build_py
creating /home/adithi/Desktop/Astra_tasks/fusion2urdf-ros2-jazzy/Assem1_backup_5_description/build/Assem1_backup_5_description/build
creating /home/adithi/Desktop/Astra_tasks/fusion2urdf-ros2-jazzy/Assem1_backup_5_description/build/Assem1_backup_5_description/build/lib
creating /home/adithi/Desktop/Astra_tasks/fusion2urdf-ros2-jazzy/Assem1_backup_5_description/build/Assem1_backup_5_description/build/lib/Assem1_backup_5_description
copying Assem1_backup_5_description/__init__.py -> /home/adithi/Desktop/Astra_tasks/fusion2urdf-ros2-jazzy/Assem1_backup_5_description/build/Assem1_backup_5_description/build/lib/Assem1_backup_5_description
running install
running install_lib
creating /home/adithi/Desktop/Astra_tasks/fusion2urdf-ros2-jazzy/Assem1_backup_5_description/install/Assem1_backup_5_description/lib/python3.12/site-packages/Assem1_backup_5_description
copying /home/adithi/Desktop/Astra_tasks/fusion2urdf-ros2-jazzy/Assem1_backup_5_description/build/Assem1_backup_5_description/build/lib/Assem1_backup_5_description/__init__.py -> /home/adithi/Desktop/Astra_tasks/fusion2urdf-ros2-jazzy/Assem1_backup_5_description/install/Assem1_backup_5_description/lib/python3.12/site-packages/Assem1_backup_5_description
byte-compiling /home/adithi/Desktop/Astra_tasks/fusion2urdf-ros2-jazzy/Assem1_backup_5_description/install/Assem1_backup_5_description/lib/python3.12/site-packages/Assem1_backup_5_description/__init__.py to __init__.cpython-312.pyc
running install_data
creating /home/adithi/Desktop/Astra_tasks/fusion2urdf-ros2-jazzy/Assem1_backup_5_description/install/Assem1_backup_5_description/share/ament_index
creating /home/adithi/Desktop/Astra_tasks/fusion2urdf-ros2-jazzy/Assem1_backup_5_description/install/Assem1_backup_5_description/share/ament_index/resource_index
creating /home/adithi/Desktop/Astra_tasks/fusion2urdf-ros2-jazzy/Assem1_backup_5_description/install/Assem1_backup_5_description/share/ament_index/resource_index/packages
copying resource/Assem1_backup_5_description -> /home/adithi/Desktop/Astra_tasks/fusion2urdf-ros2-jazzy/Assem1_backup_5_description/install/Assem1_backup_5_description/share/ament_index/resource_index/packages
copying package.xml -> /home/adithi/Desktop/Astra_tasks/fusion2urdf-ros2-jazzy/Assem1_backup_5_description/install/Assem1_backup_5_description/share/Assem1_backup_5_description
creating /home/adithi/Desktop/Astra_tasks/fusion2urdf-ros2-jazzy/Assem1_backup_5_description/install/Assem1_backup_5_description/share/Assem1_backup_5_description/launch
copying launch/display.launch.py -> /home/adithi/Desktop/Astra_tasks/fusion2urdf-ros2-jazzy/Assem1_backup_5_description/install/Assem1_backup_5_description/share/Assem1_backup_5_description/launch
copying launch/gazebo.launch.py -> /home/adithi/Desktop/Astra_tasks/fusion2urdf-ros2-jazzy/Assem1_backup_5_description/install/Assem1_backup_5_description/share/Assem1_backup_5_description/launch
creating /home/adithi/Desktop/Astra_tasks/fusion2urdf-ros2-jazzy/Assem1_backup_5_description/install/Assem1_backup_5_description/share/Assem1_backup_5_description/urdf
copying urdf/Assem1_backup_5.ros2_control.xacro -> /home/adithi/Desktop/Astra_tasks/fusion2urdf-ros2-jazzy/Assem1_backup_5_description/install/Assem1_backup_5_description/share/Assem1_backup_5_description/urdf
copying urdf/Assem1_backup_5.gazebo -> /home/adithi/Desktop/Astra_tasks/fusion2urdf-ros2-jazzy/Assem1_backup_5_description/install/Assem1_backup_5_description/share/Assem1_backup_5_description/urdf
copying urdf/Assem1_backup_5.trans -> /home/adithi/Desktop/Astra_tasks/fusion2urdf-ros2-jazzy/Assem1_backup_5_description/install/Assem1_backup_5_description/share/Assem1_backup_5_description/urdf
copying urdf/materials.xacro -> /home/adithi/Desktop/Astra_tasks/fusion2urdf-ros2-jazzy/Assem1_backup_5_description/install/Assem1_backup_5_description/share/Assem1_backup_5_description/urdf
copying urdf/Assem1_backup_5.xacro -> /home/adithi/Desktop/Astra_tasks/fusion2urdf-ros2-jazzy/Assem1_backup_5_description/install/Assem1_backup_5_description/share/Assem1_backup_5_description/urdf
creating /home/adithi/Desktop/Astra_tasks/fusion2urdf-ros2-jazzy/Assem1_backup_5_description/install/Assem1_backup_5_description/share/Assem1_backup_5_description/meshes
copying meshes/link1_1.stl -> /home/adithi/Desktop/Astra_tasks/fusion2urdf-ros2-jazzy/Assem1_backup_5_description/install/Assem1_backup_5_description/share/Assem1_backup_5_description/meshes
copying meshes/base_link.stl -> /home/adithi/Desktop/Astra_tasks/fusion2urdf-ros2-jazzy/Assem1_backup_5_description/install/Assem1_backup_5_description/share/Assem1_backup_5_description/meshes
copying meshes/link6_1.stl -> /home/adithi/Desktop/Astra_tasks/fusion2urdf-ros2-jazzy/Assem1_backup_5_description/install/Assem1_backup_5_description/share/Assem1_backup_5_description/meshes
copying meshes/link3_1.stl -> /home/adithi/Desktop/Astra_tasks/fusion2urdf-ros2-jazzy/Assem1_backup_5_description/install/Assem1_backup_5_description/share/Assem1_backup_5_description/meshes
copying meshes/link7_2.stl -> /home/adithi/Desktop/Astra_tasks/fusion2urdf-ros2-jazzy/Assem1_backup_5_description/install/Assem1_backup_5_description/share/Assem1_backup_5_description/meshes
copying meshes/link5_1.stl -> /home/adithi/Desktop/Astra_tasks/fusion2urdf-ros2-jazzy/Assem1_backup_5_description/install/Assem1_backup_5_description/share/Assem1_backup_5_description/meshes
copying meshes/link2_1.stl -> /home/adithi/Desktop/Astra_tasks/fusion2urdf-ros2-jazzy/Assem1_backup_5_description/install/Assem1_backup_5_description/share/Assem1_backup_5_description/meshes
copying meshes/link7_1.stl -> /home/adithi/Desktop/Astra_tasks/fusion2urdf-ros2-jazzy/Assem1_backup_5_description/install/Assem1_backup_5_description/share/Assem1_backup_5_description/meshes
copying meshes/link4_1.stl -> /home/adithi/Desktop/Astra_tasks/fusion2urdf-ros2-jazzy/Assem1_backup_5_description/install/Assem1_backup_5_description/share/Assem1_backup_5_description/meshes
creating /home/adithi/Desktop/Astra_tasks/fusion2urdf-ros2-jazzy/Assem1_backup_5_description/install/Assem1_backup_5_description/share/Assem1_backup_5_description/config
copying config/display.rviz -> /home/adithi/Desktop/Astra_tasks/fusion2urdf-ros2-jazzy/Assem1_backup_5_description/install/Assem1_backup_5_description/share/Assem1_backup_5_description/config
running install_egg_info
Copying build/Assem1_backup_5_description/Assem1_backup_5_description.egg-info to /home/adithi/Desktop/Astra_tasks/fusion2urdf-ros2-jazzy/Assem1_backup_5_description/install/Assem1_backup_5_description/lib/python3.12/site-packages/Assem1_backup_5_description-0.0.0-py3.12.egg-info
running install_scripts
writing list of installed files to '/home/adithi/Desktop/Astra_tasks/fusion2urdf-ros2-jazzy/Assem1_backup_5_description/build/Assem1_backup_5_description/install.log'
