[0.807s] Invoking command in '/home/adithi/Desktop/Astra_tasks/fusion2urdf-ros2-jazzy/Assem1_backup_8_description': DEBUGINFOD_URLS=https://debuginfod.ubuntu.com PYTHONPATH=/home/adithi/Desktop/Astra_tasks/fusion2urdf-ros2-jazzy/Assem1_backup_8_description/build/Assem1_backup_8_description/prefix_override:/usr/lib/python3/dist-packages/colcon_core/task/python/colcon_distutils_commands:/home/adithi/Desktop/Astra_tasks/fusion2urdf-ros2-jazzy/Assem1_backup_8_description/install/Assem1_backup_8_description/lib/python3.12/site-packages:${PYTHONPATH} /usr/bin/python3 -W ignore:setup.py install is deprecated -W ignore:easy_install command is deprecated setup.py egg_info --egg-base build/Assem1_backup_8_description build --build-base /home/adithi/Desktop/Astra_tasks/fusion2urdf-ros2-jazzy/Assem1_backup_8_description/build/Assem1_backup_8_description/build install --record /home/adithi/Desktop/Astra_tasks/fusion2urdf-ros2-jazzy/Assem1_backup_8_description/build/Assem1_backup_8_description/install.log --install-scripts $base/lib/Assem1_backup_8_description --single-version-externally-managed install_data
[0.888s] /usr/lib/python3/dist-packages/setuptools/dist.py:744: SetuptoolsDeprecationWarning: Invalid dash-separated options
[0.888s] !!
[0.888s] 
[0.888s]         ********************************************************************************
[0.888s]         Usage of dash-separated 'script-dir' will not be supported in future
[0.888s]         versions. Please use the underscore name 'script_dir' instead.
[0.888s] 
[0.888s]         This deprecation is overdue, please update your project and remove deprecated
[0.888s]         calls to avoid build errors in the future.
[0.888s] 
[0.888s]         See https://setuptools.pypa.io/en/latest/userguide/declarative_config.html for details.
[0.888s]         ********************************************************************************
[0.888s] 
[0.889s] !!
[0.889s]   opt = self.warn_dash_deprecation(opt, section)
[0.975s] running egg_info
[0.975s] creating build/Assem1_backup_8_description/Assem1_backup_8_description.egg-info
[0.987s] writing build/Assem1_backup_8_description/Assem1_backup_8_description.egg-info/PKG-INFO
[0.988s] writing dependency_links to build/Assem1_backup_8_description/Assem1_backup_8_description.egg-info/dependency_links.txt
[0.988s] writing requirements to build/Assem1_backup_8_description/Assem1_backup_8_description.egg-info/requires.txt
[0.988s] writing top-level names to build/Assem1_backup_8_description/Assem1_backup_8_description.egg-info/top_level.txt
[0.988s] writing manifest file 'build/Assem1_backup_8_description/Assem1_backup_8_description.egg-info/SOURCES.txt'
[1.016s] reading manifest file 'build/Assem1_backup_8_description/Assem1_backup_8_description.egg-info/SOURCES.txt'
[1.016s] writing manifest file 'build/Assem1_backup_8_description/Assem1_backup_8_description.egg-info/SOURCES.txt'
[1.016s] running build
[1.017s] running build_py
[1.017s] creating /home/adithi/Desktop/Astra_tasks/fusion2urdf-ros2-jazzy/Assem1_backup_8_description/build/Assem1_backup_8_description/build
[1.017s] creating /home/adithi/Desktop/Astra_tasks/fusion2urdf-ros2-jazzy/Assem1_backup_8_description/build/Assem1_backup_8_description/build/lib
[1.017s] creating /home/adithi/Desktop/Astra_tasks/fusion2urdf-ros2-jazzy/Assem1_backup_8_description/build/Assem1_backup_8_description/build/lib/Assem1_backup_8_description
[1.017s] copying Assem1_backup_8_description/__init__.py -> /home/adithi/Desktop/Astra_tasks/fusion2urdf-ros2-jazzy/Assem1_backup_8_description/build/Assem1_backup_8_description/build/lib/Assem1_backup_8_description
[1.017s] running install
[1.021s] running install_lib
[1.033s] creating /home/adithi/Desktop/Astra_tasks/fusion2urdf-ros2-jazzy/Assem1_backup_8_description/install/Assem1_backup_8_description/lib/python3.12/site-packages/Assem1_backup_8_description
[1.034s] copying /home/adithi/Desktop/Astra_tasks/fusion2urdf-ros2-jazzy/Assem1_backup_8_description/build/Assem1_backup_8_description/build/lib/Assem1_backup_8_description/__init__.py -> /home/adithi/Desktop/Astra_tasks/fusion2urdf-ros2-jazzy/Assem1_backup_8_description/install/Assem1_backup_8_description/lib/python3.12/site-packages/Assem1_backup_8_description
[1.034s] byte-compiling /home/adithi/Desktop/Astra_tasks/fusion2urdf-ros2-jazzy/Assem1_backup_8_description/install/Assem1_backup_8_description/lib/python3.12/site-packages/Assem1_backup_8_description/__init__.py to __init__.cpython-312.pyc
[1.034s] running install_data
[1.034s] creating /home/adithi/Desktop/Astra_tasks/fusion2urdf-ros2-jazzy/Assem1_backup_8_description/install/Assem1_backup_8_description/share/ament_index
[1.034s] creating /home/adithi/Desktop/Astra_tasks/fusion2urdf-ros2-jazzy/Assem1_backup_8_description/install/Assem1_backup_8_description/share/ament_index/resource_index
[1.034s] creating /home/adithi/Desktop/Astra_tasks/fusion2urdf-ros2-jazzy/Assem1_backup_8_description/install/Assem1_backup_8_description/share/ament_index/resource_index/packages
[1.034s] copying resource/Assem1_backup_8_description -> /home/adithi/Desktop/Astra_tasks/fusion2urdf-ros2-jazzy/Assem1_backup_8_description/install/Assem1_backup_8_description/share/ament_index/resource_index/packages
[1.034s] copying package.xml -> /home/adithi/Desktop/Astra_tasks/fusion2urdf-ros2-jazzy/Assem1_backup_8_description/install/Assem1_backup_8_description/share/Assem1_backup_8_description
[1.034s] creating /home/adithi/Desktop/Astra_tasks/fusion2urdf-ros2-jazzy/Assem1_backup_8_description/install/Assem1_backup_8_description/share/Assem1_backup_8_description/launch
[1.035s] copying launch/display.launch.py -> /home/adithi/Desktop/Astra_tasks/fusion2urdf-ros2-jazzy/Assem1_backup_8_description/install/Assem1_backup_8_description/share/Assem1_backup_8_description/launch
[1.035s] copying launch/gazebo.launch.py -> /home/adithi/Desktop/Astra_tasks/fusion2urdf-ros2-jazzy/Assem1_backup_8_description/install/Assem1_backup_8_description/share/Assem1_backup_8_description/launch
[1.035s] creating /home/adithi/Desktop/Astra_tasks/fusion2urdf-ros2-jazzy/Assem1_backup_8_description/install/Assem1_backup_8_description/share/Assem1_backup_8_description/urdf
[1.035s] copying urdf/Assem1_backup_8.gazebo -> /home/adithi/Desktop/Astra_tasks/fusion2urdf-ros2-jazzy/Assem1_backup_8_description/install/Assem1_backup_8_description/share/Assem1_backup_8_description/urdf
[1.035s] copying urdf/materials.xacro -> /home/adithi/Desktop/Astra_tasks/fusion2urdf-ros2-jazzy/Assem1_backup_8_description/install/Assem1_backup_8_description/share/Assem1_backup_8_description/urdf
[1.035s] copying urdf/Assem1_backup_8.xacro -> /home/adithi/Desktop/Astra_tasks/fusion2urdf-ros2-jazzy/Assem1_backup_8_description/install/Assem1_backup_8_description/share/Assem1_backup_8_description/urdf
[1.035s] copying urdf/Assem1_backup_8.trans -> /home/adithi/Desktop/Astra_tasks/fusion2urdf-ros2-jazzy/Assem1_backup_8_description/install/Assem1_backup_8_description/share/Assem1_backup_8_description/urdf
[1.035s] copying urdf/Assem1_backup_8.ros2_control.xacro -> /home/adithi/Desktop/Astra_tasks/fusion2urdf-ros2-jazzy/Assem1_backup_8_description/install/Assem1_backup_8_description/share/Assem1_backup_8_description/urdf
[1.035s] creating /home/adithi/Desktop/Astra_tasks/fusion2urdf-ros2-jazzy/Assem1_backup_8_description/install/Assem1_backup_8_description/share/Assem1_backup_8_description/meshes
[1.035s] copying meshes/link1_1.stl -> /home/adithi/Desktop/Astra_tasks/fusion2urdf-ros2-jazzy/Assem1_backup_8_description/install/Assem1_backup_8_description/share/Assem1_backup_8_description/meshes
[1.035s] copying meshes/base_link.stl -> /home/adithi/Desktop/Astra_tasks/fusion2urdf-ros2-jazzy/Assem1_backup_8_description/install/Assem1_backup_8_description/share/Assem1_backup_8_description/meshes
[1.035s] copying meshes/link6_1.stl -> /home/adithi/Desktop/Astra_tasks/fusion2urdf-ros2-jazzy/Assem1_backup_8_description/install/Assem1_backup_8_description/share/Assem1_backup_8_description/meshes
[1.035s] copying meshes/link3_1.stl -> /home/adithi/Desktop/Astra_tasks/fusion2urdf-ros2-jazzy/Assem1_backup_8_description/install/Assem1_backup_8_description/share/Assem1_backup_8_description/meshes
[1.036s] copying meshes/link7_2.stl -> /home/adithi/Desktop/Astra_tasks/fusion2urdf-ros2-jazzy/Assem1_backup_8_description/install/Assem1_backup_8_description/share/Assem1_backup_8_description/meshes
[1.036s] copying meshes/link5_1.stl -> /home/adithi/Desktop/Astra_tasks/fusion2urdf-ros2-jazzy/Assem1_backup_8_description/install/Assem1_backup_8_description/share/Assem1_backup_8_description/meshes
[1.036s] copying meshes/link2_1.stl -> /home/adithi/Desktop/Astra_tasks/fusion2urdf-ros2-jazzy/Assem1_backup_8_description/install/Assem1_backup_8_description/share/Assem1_backup_8_description/meshes
[1.036s] copying meshes/link7_1.stl -> /home/adithi/Desktop/Astra_tasks/fusion2urdf-ros2-jazzy/Assem1_backup_8_description/install/Assem1_backup_8_description/share/Assem1_backup_8_description/meshes
[1.036s] copying meshes/link4_1.stl -> /home/adithi/Desktop/Astra_tasks/fusion2urdf-ros2-jazzy/Assem1_backup_8_description/install/Assem1_backup_8_description/share/Assem1_backup_8_description/meshes
[1.036s] creating /home/adithi/Desktop/Astra_tasks/fusion2urdf-ros2-jazzy/Assem1_backup_8_description/install/Assem1_backup_8_description/share/Assem1_backup_8_description/config
[1.037s] copying config/controllers.yaml -> /home/adithi/Desktop/Astra_tasks/fusion2urdf-ros2-jazzy/Assem1_backup_8_description/install/Assem1_backup_8_description/share/Assem1_backup_8_description/config
[1.037s] copying config/display.rviz -> /home/adithi/Desktop/Astra_tasks/fusion2urdf-ros2-jazzy/Assem1_backup_8_description/install/Assem1_backup_8_description/share/Assem1_backup_8_description/config
[1.037s] running install_egg_info
[1.049s] Copying build/Assem1_backup_8_description/Assem1_backup_8_description.egg-info to /home/adithi/Desktop/Astra_tasks/fusion2urdf-ros2-jazzy/Assem1_backup_8_description/install/Assem1_backup_8_description/lib/python3.12/site-packages/Assem1_backup_8_description-0.0.0-py3.12.egg-info
[1.050s] running install_scripts
[1.139s] writing list of installed files to '/home/adithi/Desktop/Astra_tasks/fusion2urdf-ros2-jazzy/Assem1_backup_8_description/build/Assem1_backup_8_description/install.log'
[1.166s] Invoked command in '/home/adithi/Desktop/Astra_tasks/fusion2urdf-ros2-jazzy/Assem1_backup_8_description' returned '0': DEBUGINFOD_URLS=https://debuginfod.ubuntu.com PYTHONPATH=/home/adithi/Desktop/Astra_tasks/fusion2urdf-ros2-jazzy/Assem1_backup_8_description/build/Assem1_backup_8_description/prefix_override:/usr/lib/python3/dist-packages/colcon_core/task/python/colcon_distutils_commands:/home/adithi/Desktop/Astra_tasks/fusion2urdf-ros2-jazzy/Assem1_backup_8_description/install/Assem1_backup_8_description/lib/python3.12/site-packages:${PYTHONPATH} /usr/bin/python3 -W ignore:setup.py install is deprecated -W ignore:easy_install command is deprecated setup.py egg_info --egg-base build/Assem1_backup_8_description build --build-base /home/adithi/Desktop/Astra_tasks/fusion2urdf-ros2-jazzy/Assem1_backup_8_description/build/Assem1_backup_8_description/build install --record /home/adithi/Desktop/Astra_tasks/fusion2urdf-ros2-jazzy/Assem1_backup_8_description/build/Assem1_backup_8_description/install.log --install-scripts $base/lib/Assem1_backup_8_description --single-version-externally-managed install_data
